../Core/Src/main.c:80:6:initialise_e32	32	static
../Core/Src/main.c:142:6:Set_LED	8	static
../Core/Src/main.c:152:6:Set_Brightness	40	static
../Core/Src/main.c:174:6:WS2812_Send	24	static
../Core/Src/main.c:346:6:SystemClock_Config	96	static,ignoring_inline_asm
../Core/Src/main.c:220:5:main	80	static,ignoring_inline_asm
../Core/Src/main.c:616:6:HAL_UART_RxCpltCallback	8	static
../Core/Src/main.c:623:6:HAL_TIM_PWM_PulseFinishedCallback	8	static
../Core/Src/main.c:647:6:Error_Handler	0	static,ignoring_inline_asm
