Archive member included to satisfy reference by file (symbol)

C:/ST/STM32CubeIDE_1.7.0/STM32CubeIDE/plugins/com.st.stm32cube.ide.mcu.externaltools.gnu-tools-for-stm32.11.3.rel1.win32_1.1.0.202305231506/tools/bin/../lib/gcc/arm-none-eabi/11.3.1/../../../../arm-none-eabi/lib/thumb/v7-m/nofp\libm.a(libm_a-s_tan.o)
                              ./Core/Src/main.o (tan)
C:/ST/STM32CubeIDE_1.7.0/STM32CubeIDE/plugins/com.st.stm32cube.ide.mcu.externaltools.gnu-tools-for-stm32.11.3.rel1.win32_1.1.0.202305231506/tools/bin/../lib/gcc/arm-none-eabi/11.3.1/../../../../arm-none-eabi/lib/thumb/v7-m/nofp\libm.a(libm_a-k_tan.o)
                              C:/ST/STM32CubeIDE_1.7.0/STM32CubeIDE/plugins/com.st.stm32cube.ide.mcu.externaltools.gnu-tools-for-stm32.11.3.rel1.win32_1.1.0.202305231506/tools/bin/../lib/gcc/arm-none-eabi/11.3.1/../../../../arm-none-eabi/lib/thumb/v7-m/nofp\libm.a(libm_a-s_tan.o) (__kernel_tan)
C:/ST/STM32CubeIDE_1.7.0/STM32CubeIDE/plugins/com.st.stm32cube.ide.mcu.externaltools.gnu-tools-for-stm32.11.3.rel1.win32_1.1.0.202305231506/tools/bin/../lib/gcc/arm-none-eabi/11.3.1/../../../../arm-none-eabi/lib/thumb/v7-m/nofp\libm.a(libm_a-e_rem_pio2.o)
                              C:/ST/STM32CubeIDE_1.7.0/STM32CubeIDE/plugins/com.st.stm32cube.ide.mcu.externaltools.gnu-tools-for-stm32.11.3.rel1.win32_1.1.0.202305231506/tools/bin/../lib/gcc/arm-none-eabi/11.3.1/../../../../arm-none-eabi/lib/thumb/v7-m/nofp\libm.a(libm_a-s_tan.o) (__ieee754_rem_pio2)
C:/ST/STM32CubeIDE_1.7.0/STM32CubeIDE/plugins/com.st.stm32cube.ide.mcu.externaltools.gnu-tools-for-stm32.11.3.rel1.win32_1.1.0.202305231506/tools/bin/../lib/gcc/arm-none-eabi/11.3.1/../../../../arm-none-eabi/lib/thumb/v7-m/nofp\libm.a(libm_a-s_fabs.o)
                              C:/ST/STM32CubeIDE_1.7.0/STM32CubeIDE/plugins/com.st.stm32cube.ide.mcu.externaltools.gnu-tools-for-stm32.11.3.rel1.win32_1.1.0.202305231506/tools/bin/../lib/gcc/arm-none-eabi/11.3.1/../../../../arm-none-eabi/lib/thumb/v7-m/nofp\libm.a(libm_a-k_tan.o) (fabs)
C:/ST/STM32CubeIDE_1.7.0/STM32CubeIDE/plugins/com.st.stm32cube.ide.mcu.externaltools.gnu-tools-for-stm32.11.3.rel1.win32_1.1.0.202305231506/tools/bin/../lib/gcc/arm-none-eabi/11.3.1/../../../../arm-none-eabi/lib/thumb/v7-m/nofp\libm.a(libm_a-k_rem_pio2.o)
                              C:/ST/STM32CubeIDE_1.7.0/STM32CubeIDE/plugins/com.st.stm32cube.ide.mcu.externaltools.gnu-tools-for-stm32.11.3.rel1.win32_1.1.0.202305231506/tools/bin/../lib/gcc/arm-none-eabi/11.3.1/../../../../arm-none-eabi/lib/thumb/v7-m/nofp\libm.a(libm_a-e_rem_pio2.o) (__kernel_rem_pio2)
C:/ST/STM32CubeIDE_1.7.0/STM32CubeIDE/plugins/com.st.stm32cube.ide.mcu.externaltools.gnu-tools-for-stm32.11.3.rel1.win32_1.1.0.202305231506/tools/bin/../lib/gcc/arm-none-eabi/11.3.1/../../../../arm-none-eabi/lib/thumb/v7-m/nofp\libm.a(libm_a-s_scalbn.o)
                              C:/ST/STM32CubeIDE_1.7.0/STM32CubeIDE/plugins/com.st.stm32cube.ide.mcu.externaltools.gnu-tools-for-stm32.11.3.rel1.win32_1.1.0.202305231506/tools/bin/../lib/gcc/arm-none-eabi/11.3.1/../../../../arm-none-eabi/lib/thumb/v7-m/nofp\libm.a(libm_a-k_rem_pio2.o) (scalbn)
C:/ST/STM32CubeIDE_1.7.0/STM32CubeIDE/plugins/com.st.stm32cube.ide.mcu.externaltools.gnu-tools-for-stm32.11.3.rel1.win32_1.1.0.202305231506/tools/bin/../lib/gcc/arm-none-eabi/11.3.1/../../../../arm-none-eabi/lib/thumb/v7-m/nofp\libm.a(libm_a-s_floor.o)
                              C:/ST/STM32CubeIDE_1.7.0/STM32CubeIDE/plugins/com.st.stm32cube.ide.mcu.externaltools.gnu-tools-for-stm32.11.3.rel1.win32_1.1.0.202305231506/tools/bin/../lib/gcc/arm-none-eabi/11.3.1/../../../../arm-none-eabi/lib/thumb/v7-m/nofp\libm.a(libm_a-k_rem_pio2.o) (floor)
C:/ST/STM32CubeIDE_1.7.0/STM32CubeIDE/plugins/com.st.stm32cube.ide.mcu.externaltools.gnu-tools-for-stm32.11.3.rel1.win32_1.1.0.202305231506/tools/bin/../lib/gcc/arm-none-eabi/11.3.1/../../../../arm-none-eabi/lib/thumb/v7-m/nofp\libc_nano.a(libc_a-exit.o)
                              C:/ST/STM32CubeIDE_1.7.0/STM32CubeIDE/plugins/com.st.stm32cube.ide.mcu.externaltools.gnu-tools-for-stm32.11.3.rel1.win32_1.1.0.202305231506/tools/bin/../lib/gcc/arm-none-eabi/11.3.1/../../../../arm-none-eabi/lib/thumb/v7-m/nofp/crt0.o (exit)
C:/ST/STM32CubeIDE_1.7.0/STM32CubeIDE/plugins/com.st.stm32cube.ide.mcu.externaltools.gnu-tools-for-stm32.11.3.rel1.win32_1.1.0.202305231506/tools/bin/../lib/gcc/arm-none-eabi/11.3.1/../../../../arm-none-eabi/lib/thumb/v7-m/nofp\libc_nano.a(libc_a-findfp.o)
                              C:/ST/STM32CubeIDE_1.7.0/STM32CubeIDE/plugins/com.st.stm32cube.ide.mcu.externaltools.gnu-tools-for-stm32.11.3.rel1.win32_1.1.0.202305231506/tools/bin/../lib/gcc/arm-none-eabi/11.3.1/../../../../arm-none-eabi/lib/thumb/v7-m/nofp\libc_nano.a(libc_a-exit.o) (__stdio_exit_handler)
[...]
Memory Configuration

Name             Origin             Length             Attributes
RAM              0x0000000020000000 0x0000000000005000 xrw
FLASH            0x0000000008000000 0x0000000000010000 xr
*default*        0x0000000000000000 0xffffffffffffffff

Linker script and memory map

LOAD C:/ST/STM32CubeIDE_1.7.0/STM32CubeIDE/plugins/com.st.stm32cube.ide.mcu.externaltools.gnu-tools-for-stm32.11.3.rel1.win32_1.1.0.202305231506/tools/bin/../lib/gcc/arm-none-eabi/11.3.1/thumb/v7-m/nofp/crti.o
LOAD C:/ST/STM32CubeIDE_1.7.0/STM32CubeIDE/plugins/com.st.stm32cube.ide.mcu.externaltools.gnu-tools-for-stm32.11.3.rel1.win32_1.1.0.202305231506/tools/bin/../lib/gcc/arm-none-eabi/11.3.1/thumb/v7-m/nofp/crtbegin.o
LOAD C:/ST/STM32CubeIDE_1.7.0/STM32CubeIDE/plugins/com.st.stm32cube.ide.mcu.externaltools.gnu-tools-for-stm32.11.3.rel1.win32_1.1.0.202305231506/tools/bin/../lib/gcc/arm-none-eabi/11.3.1/../../../../arm-none-eabi/lib/thumb/v7-m/nofp/crt0.o
LOAD ./Core/Src/main.o
LOAD ./Core/Src/stm32f1xx_hal_msp.o
LOAD ./Core/Src/stm32f1xx_it.o
LOAD ./Core/Src/syscalls.o
LOAD ./Core/Src/sysmem.o
LOAD ./Core/Src/system_stm32f1xx.o
LOAD ./Core/Startup/startup_stm32f103c8tx.o
LOAD ./Drivers/STM32F1xx_HAL_Driver/Src/stm32f1xx_hal.o
LOAD ./Drivers/STM32F1xx_HAL_Driver/Src/stm32f1xx_hal_cortex.o
LOAD ./Drivers/STM32F1xx_HAL_Driver/Src/stm32f1xx_hal_dma.o
LOAD ./Drivers/STM32F1xx_HAL_Driver/Src/stm32f1xx_hal_exti.o
LOAD ./Drivers/STM32F1xx_HAL_Driver/Src/stm32f1xx_hal_flash.o
LOAD ./Drivers/STM32F1xx_HAL_Driver/Src/stm32f1xx_hal_flash_ex.o
LOAD ./Drivers/STM32F1xx_HAL_Driver/Src/stm32f1xx_hal_gpio.o
LOAD ./Drivers/STM32F1xx_HAL_Driver/Src/stm32f1xx_hal_gpio_ex.o
LOAD ./Drivers/STM32F1xx_HAL_Driver/Src/stm32f1xx_hal_pcd.o
LOAD ./Drivers/STM32F1xx_HAL_Driver/Src/stm32f1xx_hal_pcd_ex.o
LOAD ./Drivers/STM32F1xx_HAL_Driver/Src/stm32f1xx_hal_pwr.o
LOAD ./Drivers/STM32F1xx_HAL_Driver/Src/stm32f1xx_hal_rcc.o
LOAD ./Drivers/STM32F1xx_HAL_Driver/Src/stm32f1xx_hal_rcc_ex.o
LOAD ./Drivers/STM32F1xx_HAL_Driver/Src/stm32f1xx_hal_tim.o
LOAD ./Drivers/STM32F1xx_HAL_Driver/Src/stm32f1xx_hal_tim_ex.o
LOAD ./Drivers/STM32F1xx_HAL_Driver/Src/stm32f1xx_hal_uart.o
LOAD ./Drivers/STM32F1xx_HAL_Driver/Src/stm32f1xx_ll_usb.o
LOAD ./Middlewares/ST/STM32_USB_Device_Library/Class/DFU/Src/usbd_dfu.o
LOAD ./Middlewares/ST/STM32_USB_Device_Library/Core/Src/usbd_core.o
LOAD ./Middlewares/ST/STM32_USB_Device_Library/Core/Src/usbd_ctlreq.o
LOAD ./Middlewares/ST/STM32_USB_Device_Library/Core/Src/usbd_ioreq.o
LOAD ./USB_DEVICE/App/usb_device.o
LOAD ./USB_DEVICE/App/usbd_desc.o
LOAD ./USB_DEVICE/App/usbd_dfu_if.o
LOAD ./USB_DEVICE/Target/usbd_conf.o
START GROUP
LOAD C:/ST/STM32CubeIDE_1.7.0/STM32CubeIDE/plugins/com.st.stm32cube.ide.mcu.externaltools.gnu-tools-for-stm32.11.3.rel1.win32_1.1.0.202305231506/tools/bin/../lib/gcc/arm-none-eabi/11.3.1/../../../../arm-none-eabi/lib/thumb/v7-m/nofp\libstdc++_nano.a
LOAD C:/ST/STM32CubeIDE_1.7.0/STM32CubeIDE/plugins/com.st.stm32cube.ide.mcu.externaltools.gnu-tools-for-stm32.11.3.rel1.win32_1.1.0.202305231506/tools/bin/../lib/gcc/arm-none-eabi/11.3.1/../../../../arm-none-eabi/lib/thumb/v7-m/nofp\libsupc++_nano.a
END GROUP
LOAD C:/ST/STM32CubeIDE_1.7.0/STM32CubeIDE/plugins/com.st.stm32cube.ide.mcu.externaltools.gnu-tools-for-stm32.11.3.rel1.win32_1.1.0.202305231506/tools/bin/../lib/gcc/arm-none-eabi/11.3.1/../../../../arm-none-eabi/lib/thumb/v7-m/nofp\libstdc++_nano.a
LOAD C:/ST/STM32CubeIDE_1.7.0/STM32CubeIDE/plugins/com.st.stm32cube.ide.mcu.externaltools.gnu-tools-for-stm32.11.3.rel1.win32_1.1.0.202305231506/tools/bin/../lib/gcc/arm-none-eabi/11.3.1/../../../../arm-none-eabi/lib/thumb/v7-m/nofp\libm.a
LOAD C:/ST/STM32CubeIDE_1.7.0/STM32CubeIDE/plugins/com.st.stm32cube.ide.mcu.externaltools.gnu-tools-for-stm32.11.3.rel1.win32_1.1.0.202305231506/tools/bin/../lib/gcc/arm-none-eabi/11.3.1/../../../../arm-none-eabi/lib/thumb/v7-m/nofp\libc_nano.a
START GROUP
LOAD C:/ST/STM32CubeIDE_1.7.0/STM32CubeIDE/plugins/com.st.stm32cube.ide.mcu.externaltools.gnu-tools-for-stm32.11.3.rel1.win32_1.1.0.202305231506/tools/bin/../lib/gcc/arm-none-eabi/11.3.1/thumb/v7-m/nofp\libgcc.a
LOAD C:/ST/STM32CubeIDE_1.7.0/STM32CubeIDE/plugins/com.st.stm32cube.ide.mcu.externaltools.gnu-tools-for-stm32.11.3.rel1.win32_1.1.0.202305231506/tools/bin/../lib/gcc/arm-none-eabi/11.3.1/../../../../arm-none-eabi/lib/thumb/v7-m/nofp\libc_nano.a
END GROUP
START GROUP
LOAD C:/ST/STM32CubeIDE_1.7.0/STM32CubeIDE/plugins/com.st.stm32cube.ide.mcu.externaltools.gnu-tools-for-stm32.11.3.rel1.win32_1.1.0.202305231506/tools/bin/../lib/gcc/arm-none-eabi/11.3.1/thumb/v7-m/nofp\libgcc.a
LOAD C:/ST/STM32CubeIDE_1.7.0/STM32CubeIDE/plugins/com.st.stm32cube.ide.mcu.externaltools.gnu-tools-for-stm32.11.3.rel1.win32_1.1.0.202305231506/tools/bin/../lib/gcc/arm-none-eabi/11.3.1/../../../../arm-none-eabi/lib/thumb/v7-m/nofp\libc_nano.a
LOAD C:/ST/STM32CubeIDE_1.7.0/STM32CubeIDE/plugins/com.st.stm32cube.ide.mcu.externaltools.gnu-tools-for-stm32.11.3.rel1.win32_1.1.0.202305231506/tools/bin/../lib/gcc/arm-none-eabi/11.3.1/../../../../arm-none-eabi/lib/thumb/v7-m/nofp\libnosys.a
END GROUP
START GROUP
LOAD C:/ST/STM32CubeIDE_1.7.0/STM32CubeIDE/plugins/com.st.stm32cube.ide.mcu.externaltools.gnu-tools-for-stm32.11.3.rel1.win32_1.1.0.202305231506/tools/bin/../lib/gcc/arm-none-eabi/11.3.1/thumb/v7-m/nofp\libgcc.a
LOAD C:/ST/STM32CubeIDE_1.7.0/STM32CubeIDE/plugins/com.st.stm32cube.ide.mcu.externaltools.gnu-tools-for-stm32.11.3.rel1.win32_1.1.0.202305231506/tools/bin/../lib/gcc/arm-none-eabi/11.3.1/../../../../arm-none-eabi/lib/thumb/v7-m/nofp\libc_nano.a
LOAD C:/ST/STM32CubeIDE_1.7.0/STM32CubeIDE/plugins/com.st.stm32cube.ide.mcu.externaltools.gnu-tools-for-stm32.11.3.rel1.win32_1.1.0.202305231506/tools/bin/../lib/gcc/arm-none-eabi/11.3.1/../../../../arm-none-eabi/lib/thumb/v7-m/nofp\libnosys.a
END GROUP
LOAD C:/ST/STM32CubeIDE_1.7.0/STM32CubeIDE/plugins/com.st.stm32cube.ide.mcu.externaltools.gnu-tools-for-stm32.11.3.rel1.win32_1.1.0.202305231506/tools/bin/../lib/gcc/arm-none-eabi/11.3.1/thumb/v7-m/nofp/crtend.o
LOAD C:/ST/STM32CubeIDE_1.7.0/STM32CubeIDE/plugins/com.st.stm32cube.ide.mcu.externaltools.gnu-tools-for-stm32.11.3.rel1.win32_1.1.0.202305231506/tools/bin/../lib/gcc/arm-none-eabi/11.3.1/thumb/v7-m/nofp/crtn.o
                0x0000000020005000                _estack = (ORIGIN (RAM) + LENGTH (RAM))
                0x0000000000000200                _Min_Heap_Size = 0x200
                0x0000000000000400                _Min_Stack_Size = 0x400

.isr_vector     0x0000000008000000      0x10c
                0x0000000008000000                . = ALIGN (0x4)
 *(.isr_vector)
 .isr_vector    0x0000000008000000      0x10c ./Core/Startup/startup_stm32f103c8tx.o
                0x0000000008000000                g_pfnVectors
                0x000000000800010c                . = ALIGN (0x4)

.text           0x000000000800010c     0x55c0
                0x000000000800010c                . = ALIGN (0x4)
 *(.text)
 .text          0x000000000800010c       0x40 C:/ST/STM32CubeIDE_1.7.0/STM32CubeIDE/plugins/com.st.stm32cube.ide.mcu.externaltools.gnu-tools-for-stm32.11.3.rel1.win32_1.1.0.202305231506/tools/bin/../lib/gcc/arm-none-eabi/11.3.1/thumb/v7-m/nofp/crtbegin.o
 *(.text*)
 .text.initialise_e32
                0x000000000800014c      0x138 ./Core/Src/main.o
                0x000000000800014c                initialise_e32
 .text.SystemClock_Config
                0x0000000008000284       0x7c ./Core/Src/main.o
                0x0000000008000284                SystemClock_Config
 .text.startup.main
                0x0000000008000300      0x388 ./Core/Src/main.o
                0x0000000008000300                main
 .text.HAL_UART_RxCpltCallback
                0x0000000008000688       0x28 ./Core/Src/main.o
                0x0000000008000688                HAL_UART_RxCpltCallback
 .text.HAL_TIM_PWM_PulseFinishedCallback
                0x00000000080006b0       0x1c ./Core/Src/main.o
                0x00000000080006b0                HAL_TIM_PWM_PulseFinishedCallback
 .text.Error_Handler
                0x00000000080006cc        0x4 ./Core/Src/main.o
                0x00000000080006cc                Error_Handler
 .text.HAL_MspInit
                0x00000000080006d0       0x44 ./Core/Src/stm32f1xx_hal_msp.o
                0x00000000080006d0                HAL_MspInit
 .text.HAL_TIM_PWM_MspInit
                0x0000000008000714       0x98 ./Core/Src/stm32f1xx_hal_msp.o
                0x0000000008000714                HAL_TIM_PWM_MspInit
 .text.HAL_TIM_MspPostInit
                0x00000000080007ac       0xa4 ./Core/Src/stm32f1xx_hal_msp.o
                0x00000000080007ac                HAL_TIM_MspPostInit
 .text.HAL_UART_MspInit
                0x0000000008000850       0x88 ./Core/Src/stm32f1xx_hal_msp.o
                0x0000000008000850                HAL_UART_MspInit
 .text.NMI_Handler
                0x00000000080008d8        0x2 ./Core/Src/stm32f1xx_it.o
                0x00000000080008d8                NMI_Handler
 .text.HardFault_Handler
                0x00000000080008da        0x2 ./Core/Src/stm32f1xx_it.o
                0x00000000080008da                HardFault_Handler
 .text.MemManage_Handler
                0x00000000080008dc        0x2 ./Core/Src/stm32f1xx_it.o
                0x00000000080008dc                MemManage_Handler
 .text.BusFault_Handler
                0x00000000080008de        0x2 ./Core/Src/stm32f1xx_it.o
                0x00000000080008de                BusFault_Handler
 .text.UsageFault_Handler
                0x00000000080008e0        0x2 ./Core/Src/stm32f1xx_it.o
                0x00000000080008e0                UsageFault_Handler
 .text.SVC_Handler
                0x00000000080008e2        0x2 ./Core/Src/stm32f1xx_it.o
                0x00000000080008e2                SVC_Handler
 .text.DebugMon_Handler
                0x00000000080008e4        0x2 ./Core/Src/stm32f1xx_it.o
                0x00000000080008e4                DebugMon_Handler
 .text.PendSV_Handler
                0x00000000080008e6        0x2 ./Core/Src/stm32f1xx_it.o
                0x00000000080008e6                PendSV_Handler
 .text.SysTick_Handler
                0x00000000080008e8        0x4 ./Core/Src/stm32f1xx_it.o
                0x00000000080008e8                SysTick_Handler
 .text.DMA1_Channel2_IRQHandler
                0x00000000080008ec        0xc ./Core/Src/stm32f1xx_it.o
                0x00000000080008ec                DMA1_Channel2_IRQHandler
 .text.USB_HP_CAN1_TX_IRQHandler
                0x00000000080008f8        0xc ./Core/Src/stm32f1xx_it.o
                0x00000000080008f8                USB_HP_CAN1_TX_IRQHandler
 .text.USB_LP_CAN1_RX0_IRQHandler
                0x0000000008000904        0x4 ./Core/Src/stm32f1xx_it.o
                0x0000000008000904                USB_LP_CAN1_RX0_IRQHandler
 .text.TIM3_IRQHandler
                0x0000000008000908        0xc ./Core/Src/stm32f1xx_it.o
                0x0000000008000908                TIM3_IRQHandler
 .text.USART1_IRQHandler
                0x0000000008000914        0xc ./Core/Src/stm32f1xx_it.o
                0x0000000008000914                USART1_IRQHandler
 .text._read    0x0000000008000920       0x1c ./Core/Src/syscalls.o
                0x0000000008000920                _read
 .text._write   0x000000000800093c       0x1c ./Core/Src/syscalls.o
                0x000000000800093c                _write
 .text._close   0x0000000008000958        0x6 ./Core/Src/syscalls.o
                0x0000000008000958                _close
 .text._fstat   0x000000000800095e        0xa ./Core/Src/syscalls.o
                0x000000000800095e                _fstat
 .text._isatty  0x0000000008000968        0x4 ./Core/Src/syscalls.o
                0x0000000008000968                _isatty
 .text._lseek   0x000000000800096c        0x4 ./Core/Src/syscalls.o
                0x000000000800096c                _lseek
 .text._sbrk    0x0000000008000970       0x40 ./Core/Src/sysmem.o
                0x0000000008000970                _sbrk
 .text.SystemInit
                0x00000000080009b0        0x2 ./Core/Src/system_stm32f1xx.o
                0x00000000080009b0                SystemInit
 *fill*         0x00000000080009b2        0x2 
 .text.Reset_Handler
                0x00000000080009b4       0x48 ./Core/Startup/startup_stm32f103c8tx.o
                0x00000000080009b4                Reset_Handler
 .text.Default_Handler
                0x00000000080009fc        0x2 ./Core/Startup/startup_stm32f103c8tx.o
                0x00000000080009fc                RTC_Alarm_IRQHandler
                0x00000000080009fc                EXTI2_IRQHandler
                0x00000000080009fc                TIM1_CC_IRQHandler
                0x00000000080009fc                PVD_IRQHandler
                0x00000000080009fc                EXTI3_IRQHandler
                0x00000000080009fc                EXTI0_IRQHandler
                0x00000000080009fc                I2C2_EV_IRQHandler
                0x00000000080009fc                ADC1_2_IRQHandler
                0x00000000080009fc                SPI1_IRQHandler
                0x00000000080009fc                TAMPER_IRQHandler
                0x00000000080009fc                DMA1_Channel4_IRQHandler
                0x00000000080009fc                USART3_IRQHandler
                0x00000000080009fc                RTC_IRQHandler
                0x00000000080009fc                DMA1_Channel7_IRQHandler
                0x00000000080009fc                CAN1_RX1_IRQHandler
                0x00000000080009fc                TIM4_IRQHandler
                0x00000000080009fc                I2C1_EV_IRQHandler
                0x00000000080009fc                DMA1_Channel6_IRQHandler
                0x00000000080009fc                RCC_IRQHandler
                0x00000000080009fc                TIM1_TRG_COM_IRQHandler
                0x00000000080009fc                DMA1_Channel1_IRQHandler
                0x00000000080009fc                Default_Handler
                0x00000000080009fc                EXTI15_10_IRQHandler
                0x00000000080009fc                EXTI9_5_IRQHandler
                0x00000000080009fc                SPI2_IRQHandler
                0x00000000080009fc                DMA1_Channel5_IRQHandler
                0x00000000080009fc                EXTI4_IRQHandler
                0x00000000080009fc                DMA1_Channel3_IRQHandler
                0x00000000080009fc                TIM1_UP_IRQHandler
                0x00000000080009fc                WWDG_IRQHandler
                0x00000000080009fc                TIM2_IRQHandler
                0x00000000080009fc                TIM1_BRK_IRQHandler
                0x00000000080009fc                EXTI1_IRQHandler
                0x00000000080009fc                USART2_IRQHandler
                0x00000000080009fc                I2C2_ER_IRQHandler
                0x00000000080009fc                CAN1_SCE_IRQHandler
                0x00000000080009fc                FLASH_IRQHandler
                0x00000000080009fc                I2C1_ER_IRQHandler
                0x00000000080009fc                USBWakeUp_IRQHandler
 *fill*         0x00000000080009fe        0x2 
 .text.HAL_InitTick
                0x0000000008000a00       0x48 ./Drivers/STM32F1xx_HAL_Driver/Src/stm32f1xx_hal.o
                0x0000000008000a00                HAL_InitTick
 .text.HAL_Init
                0x0000000008000a48       0x24 ./Drivers/STM32F1xx_HAL_Driver/Src/stm32f1xx_hal.o
                0x0000000008000a48                HAL_Init
 .text.HAL_IncTick
                0x0000000008000a6c       0x18 ./Drivers/STM32F1xx_HAL_Driver/Src/stm32f1xx_hal.o
                0x0000000008000a6c                HAL_IncTick
 .text.HAL_GetTick
                0x0000000008000a84        0xc ./Drivers/STM32F1xx_HAL_Driver/Src/stm32f1xx_hal.o
                0x0000000008000a84                HAL_GetTick
 .text.HAL_Delay
                0x0000000008000a90       0x24 ./Drivers/STM32F1xx_HAL_Driver/Src/stm32f1xx_hal.o
                0x0000000008000a90                HAL_Delay
 .text.HAL_NVIC_SetPriorityGrouping
                0x0000000008000ab4       0x24 ./Drivers/STM32F1xx_HAL_Driver/Src/stm32f1xx_hal_cortex.o
                0x0000000008000ab4                HAL_NVIC_SetPriorityGrouping
 .text.HAL_NVIC_SetPriority
                0x0000000008000ad8       0x60 ./Drivers/STM32F1xx_HAL_Driver/Src/stm32f1xx_hal_cortex.o
                0x0000000008000ad8                HAL_NVIC_SetPriority
 .text.HAL_NVIC_EnableIRQ
                0x0000000008000b38       0x1c ./Drivers/STM32F1xx_HAL_Driver/Src/stm32f1xx_hal_cortex.o
                0x0000000008000b38                HAL_NVIC_EnableIRQ
 .text.HAL_SYSTICK_Config
                0x0000000008000b54       0x28 ./Drivers/STM32F1xx_HAL_Driver/Src/stm32f1xx_hal_cortex.o
                0x0000000008000b54                HAL_SYSTICK_Config
 .text.HAL_DMA_Init
                0x0000000008000b7c       0x64 ./Drivers/STM32F1xx_HAL_Driver/Src/stm32f1xx_hal_dma.o
                0x0000000008000b7c                HAL_DMA_Init
 .text.HAL_DMA_Abort
                0x0000000008000be0       0x3e ./Drivers/STM32F1xx_HAL_Driver/Src/stm32f1xx_hal_dma.o
                0x0000000008000be0                HAL_DMA_Abort
 *fill*         0x0000000008000c1e        0x2 
 .text.HAL_DMA_Abort_IT
                0x0000000008000c20       0x90 ./Drivers/STM32F1xx_HAL_Driver/Src/stm32f1xx_hal_dma.o
                0x0000000008000c20                HAL_DMA_Abort_IT
 .text.HAL_DMA_IRQHandler
                0x0000000008000cb0      0x128 ./Drivers/STM32F1xx_HAL_Driver/Src/stm32f1xx_hal_dma.o
                0x0000000008000cb0                HAL_DMA_IRQHandler
 .text.HAL_GPIO_Init
                0x0000000008000dd8      0x1b4 ./Drivers/STM32F1xx_HAL_Driver/Src/stm32f1xx_hal_gpio.o
                0x0000000008000dd8                HAL_GPIO_Init
 .text.HAL_GPIO_WritePin
                0x0000000008000f8c        0xa ./Drivers/STM32F1xx_HAL_Driver/Src/stm32f1xx_hal_gpio.o
                0x0000000008000f8c                HAL_GPIO_WritePin
 .text.HAL_GPIO_TogglePin
                0x0000000008000f96       0x12 ./Drivers/STM32F1xx_HAL_Driver/Src/stm32f1xx_hal_gpio.o
                0x0000000008000f96                HAL_GPIO_TogglePin
 .text.HAL_PCD_Init
                0x0000000008000fa8       0xf0 ./Drivers/STM32F1xx_HAL_Driver/Src/stm32f1xx_hal_pcd.o
                0x0000000008000fa8                HAL_PCD_Init
 .text.HAL_PCD_Start
                0x0000000008001098       0x32 ./Drivers/STM32F1xx_HAL_Driver/Src/stm32f1xx_hal_pcd.o
                0x0000000008001098                HAL_PCD_Start
 .text.HAL_PCD_Stop
                0x00000000080010ca       0x32 ./Drivers/STM32F1xx_HAL_Driver/Src/stm32f1xx_hal_pcd.o
                0x00000000080010ca                HAL_PCD_Stop
 .text.HAL_PCD_SetAddress
                0x00000000080010fc       0x28 ./Drivers/STM32F1xx_HAL_Driver/Src/stm32f1xx_hal_pcd.o
                0x00000000080010fc                HAL_PCD_SetAddress
 .text.HAL_PCD_IRQHandler
                0x0000000008001124      0x9b4 ./Drivers/STM32F1xx_HAL_Driver/Src/stm32f1xx_hal_pcd.o
                0x0000000008001124                HAL_PCD_IRQHandler
 .text.HAL_PCD_EP_Open
                0x0000000008001ad8       0x60 ./Drivers/STM32F1xx_HAL_Driver/Src/stm32f1xx_hal_pcd.o
                0x0000000008001ad8                HAL_PCD_EP_Open
 .text.HAL_PCD_EP_Receive
                0x0000000008001b38       0x2e ./Drivers/STM32F1xx_HAL_Driver/Src/stm32f1xx_hal_pcd.o
                0x0000000008001b38                HAL_PCD_EP_Receive
 .text.HAL_PCD_EP_Transmit
                0x0000000008001b66       0x34 ./Drivers/STM32F1xx_HAL_Driver/Src/stm32f1xx_hal_pcd.o
                0x0000000008001b66                HAL_PCD_EP_Transmit
 .text.HAL_PCD_EP_SetStall
                0x0000000008001b9a       0x68 ./Drivers/STM32F1xx_HAL_Driver/Src/stm32f1xx_hal_pcd.o
                0x0000000008001b9a                HAL_PCD_EP_SetStall
 .text.HAL_PCD_EP_ClrStall
                0x0000000008001c02       0x64 ./Drivers/STM32F1xx_HAL_Driver/Src/stm32f1xx_hal_pcd.o
                0x0000000008001c02                HAL_PCD_EP_ClrStall
 .text.HAL_PCDEx_PMAConfig
                0x0000000008001c66       0x32 ./Drivers/STM32F1xx_HAL_Driver/Src/stm32f1xx_hal_pcd_ex.o
                0x0000000008001c66                HAL_PCDEx_PMAConfig
 .text.HAL_RCC_OscConfig
                0x0000000008001c98      0x338 ./Drivers/STM32F1xx_HAL_Driver/Src/stm32f1xx_hal_rcc.o
                0x0000000008001c98                HAL_RCC_OscConfig
 .text.HAL_RCC_GetSysClockFreq
                0x0000000008001fd0       0x58 ./Drivers/STM32F1xx_HAL_Driver/Src/stm32f1xx_hal_rcc.o
                0x0000000008001fd0                HAL_RCC_GetSysClockFreq
 .text.HAL_RCC_ClockConfig
                0x0000000008002028      0x138 ./Drivers/STM32F1xx_HAL_Driver/Src/stm32f1xx_hal_rcc.o
                0x0000000008002028                HAL_RCC_ClockConfig
 .text.HAL_RCC_GetPCLK1Freq
                0x0000000008002160       0x20 ./Drivers/STM32F1xx_HAL_Driver/Src/stm32f1xx_hal_rcc.o
                0x0000000008002160                HAL_RCC_GetPCLK1Freq
 .text.HAL_RCC_GetPCLK2Freq
                0x0000000008002180       0x20 ./Drivers/STM32F1xx_HAL_Driver/Src/stm32f1xx_hal_rcc.o
                0x0000000008002180                HAL_RCC_GetPCLK2Freq
 .text.HAL_RCCEx_PeriphCLKConfig
                0x00000000080021a0       0xf4 ./Drivers/STM32F1xx_HAL_Driver/Src/stm32f1xx_hal_rcc_ex.o
                0x00000000080021a0                HAL_RCCEx_PeriphCLKConfig
 .text.TIM_OC1_SetConfig
                0x0000000008002294       0x50 ./Drivers/STM32F1xx_HAL_Driver/Src/stm32f1xx_hal_tim.o
 .text.TIM_OC3_SetConfig
                0x00000000080022e4       0x54 ./Drivers/STM32F1xx_HAL_Driver/Src/stm32f1xx_hal_tim.o
 .text.TIM_OC4_SetConfig
                0x0000000008002338       0x44 ./Drivers/STM32F1xx_HAL_Driver/Src/stm32f1xx_hal_tim.o
 .text.HAL_TIM_PeriodElapsedCallback
                0x000000000800237c        0x2 ./Drivers/STM32F1xx_HAL_Driver/Src/stm32f1xx_hal_tim.o
                0x000000000800237c                HAL_TIM_PeriodElapsedCallback
 .text.HAL_TIM_OC_DelayElapsedCallback
                0x000000000800237e        0x2 ./Drivers/STM32F1xx_HAL_Driver/Src/stm32f1xx_hal_tim.o
                0x000000000800237e                HAL_TIM_OC_DelayElapsedCallback
 .text.HAL_TIM_IC_CaptureCallback
                0x0000000008002380        0x2 ./Drivers/STM32F1xx_HAL_Driver/Src/stm32f1xx_hal_tim.o
                0x0000000008002380                HAL_TIM_IC_CaptureCallback
 .text.HAL_TIM_TriggerCallback
                0x0000000008002382        0x2 ./Drivers/STM32F1xx_HAL_Driver/Src/stm32f1xx_hal_tim.o
                0x0000000008002382                HAL_TIM_TriggerCallback
 .text.HAL_TIM_IRQHandler
                0x0000000008002384      0x144 ./Drivers/STM32F1xx_HAL_Driver/Src/stm32f1xx_hal_tim.o
                0x0000000008002384                HAL_TIM_IRQHandler
 .text.TIM_Base_SetConfig
                0x00000000080024c8       0x70 ./Drivers/STM32F1xx_HAL_Driver/Src/stm32f1xx_hal_tim.o
                0x00000000080024c8                TIM_Base_SetConfig
 .text.HAL_TIM_PWM_Init
                0x0000000008002538       0x58 ./Drivers/STM32F1xx_HAL_Driver/Src/stm32f1xx_hal_tim.o
                0x0000000008002538                HAL_TIM_PWM_Init
 .text.TIM_OC2_SetConfig
                0x0000000008002590       0x58 ./Drivers/STM32F1xx_HAL_Driver/Src/stm32f1xx_hal_tim.o
                0x0000000008002590                TIM_OC2_SetConfig
 .text.HAL_TIM_PWM_ConfigChannel
                0x00000000080025e8       0xb2 ./Drivers/STM32F1xx_HAL_Driver/Src/stm32f1xx_hal_tim.o
                0x00000000080025e8                HAL_TIM_PWM_ConfigChannel
 .text.TIM_CCxChannelCmd
                0x000000000800269a       0x1c ./Drivers/STM32F1xx_HAL_Driver/Src/stm32f1xx_hal_tim.o
                0x000000000800269a                TIM_CCxChannelCmd
 *fill*         0x00000000080026b6        0x2 
 .text.HAL_TIM_OC_Start
                0x00000000080026b8       0xa0 ./Drivers/STM32F1xx_HAL_Driver/Src/stm32f1xx_hal_tim.o
                0x00000000080026b8                HAL_TIM_OC_Start
 .text.HAL_TIM_PWM_Start
                0x0000000008002758        0x4 ./Drivers/STM32F1xx_HAL_Driver/Src/stm32f1xx_hal_tim.o
                0x0000000008002758                HAL_TIM_PWM_Start
 .text.HAL_TIM_OC_Stop_DMA
                0x000000000800275c       0xc4 ./Drivers/STM32F1xx_HAL_Driver/Src/stm32f1xx_hal_tim.o
                0x000000000800275c                HAL_TIM_OC_Stop_DMA
 .text.HAL_TIM_PWM_Stop_DMA
                0x0000000008002820        0x4 ./Drivers/STM32F1xx_HAL_Driver/Src/stm32f1xx_hal_tim.o
                0x0000000008002820                HAL_TIM_PWM_Stop_DMA
 .text.HAL_TIMEx_MasterConfigSynchronization
                0x0000000008002824       0x5c ./Drivers/STM32F1xx_HAL_Driver/Src/stm32f1xx_hal_tim_ex.o
                0x0000000008002824                HAL_TIMEx_MasterConfigSynchronization
 .text.HAL_TIMEx_CommutCallback
                0x0000000008002880        0x2 ./Drivers/STM32F1xx_HAL_Driver/Src/stm32f1xx_hal_tim_ex.o
                0x0000000008002880                HAL_TIMEx_CommutCallback
 .text.HAL_TIMEx_BreakCallback
                0x0000000008002882        0x2 ./Drivers/STM32F1xx_HAL_Driver/Src/stm32f1xx_hal_tim_ex.o
                0x0000000008002882                HAL_TIMEx_BreakCallback
 .text.UART_EndRxTransfer
                0x0000000008002884       0x5c ./Drivers/STM32F1xx_HAL_Driver/Src/stm32f1xx_hal_uart.o
 .text.UART_SetConfig
                0x00000000080028e0       0x74 ./Drivers/STM32F1xx_HAL_Driver/Src/stm32f1xx_hal_uart.o
 .text.UART_WaitOnFlagUntilTimeout.constprop.0
                0x0000000008002954       0x6c ./Drivers/STM32F1xx_HAL_Driver/Src/stm32f1xx_hal_uart.o
 .text.HAL_UART_Init
                0x00000000080029c0       0x5e ./Drivers/STM32F1xx_HAL_Driver/Src/stm32f1xx_hal_uart.o
                0x00000000080029c0                HAL_UART_Init
 .text.HAL_UART_Transmit
                0x0000000008002a1e       0x96 ./Drivers/STM32F1xx_HAL_Driver/Src/stm32f1xx_hal_uart.o
                0x0000000008002a1e                HAL_UART_Transmit
 .text.HAL_UART_Receive
                0x0000000008002ab4       0xa8 ./Drivers/STM32F1xx_HAL_Driver/Src/stm32f1xx_hal_uart.o
                0x0000000008002ab4                HAL_UART_Receive
 .text.HAL_UART_TxCpltCallback
                0x0000000008002b5c        0x2 ./Drivers/STM32F1xx_HAL_Driver/Src/stm32f1xx_hal_uart.o
                0x0000000008002b5c                HAL_UART_TxCpltCallback
 .text.HAL_UART_ErrorCallback
                0x0000000008002b5e        0x2 ./Drivers/STM32F1xx_HAL_Driver/Src/stm32f1xx_hal_uart.o
                0x0000000008002b5e                HAL_UART_ErrorCallback
 .text.UART_DMAAbortOnError
                0x0000000008002b60       0x10 ./Drivers/STM32F1xx_HAL_Driver/Src/stm32f1xx_hal_uart.o
 .text.HAL_UARTEx_RxEventCallback
                0x0000000008002b70        0x2 ./Drivers/STM32F1xx_HAL_Driver/Src/stm32f1xx_hal_uart.o
                0x0000000008002b70                HAL_UARTEx_RxEventCallback
 .text.UART_Receive_IT.isra.0
                0x0000000008002b72       0xb6 ./Drivers/STM32F1xx_HAL_Driver/Src/stm32f1xx_hal_uart.o
 .text.HAL_UART_IRQHandler
                0x0000000008002c28      0x294 ./Drivers/STM32F1xx_HAL_Driver/Src/stm32f1xx_hal_uart.o
                0x0000000008002c28                HAL_UART_IRQHandler
 .text.UART_Start_Receive_IT
                0x0000000008002ebc       0x32 ./Drivers/STM32F1xx_HAL_Driver/Src/stm32f1xx_hal_uart.o
                0x0000000008002ebc                UART_Start_Receive_IT
 .text.HAL_UART_Receive_IT
                0x0000000008002eee       0x22 ./Drivers/STM32F1xx_HAL_Driver/Src/stm32f1xx_hal_uart.o
                0x0000000008002eee                HAL_UART_Receive_IT
 .text.USB_CoreInit
                0x0000000008002f10        0xe ./Drivers/STM32F1xx_HAL_Driver/Src/stm32f1xx_ll_usb.o
                0x0000000008002f10                USB_CoreInit
 .text.USB_EnableGlobalInt
                0x0000000008002f1e       0x12 ./Drivers/STM32F1xx_HAL_Driver/Src/stm32f1xx_ll_usb.o
                0x0000000008002f1e                USB_EnableGlobalInt
 .text.USB_DisableGlobalInt
                0x0000000008002f30       0x14 ./Drivers/STM32F1xx_HAL_Driver/Src/stm32f1xx_ll_usb.o
                0x0000000008002f30                USB_DisableGlobalInt
 .text.USB_SetCurrentMode
                0x0000000008002f44        0x4 ./Drivers/STM32F1xx_HAL_Driver/Src/stm32f1xx_ll_usb.o
                0x0000000008002f44                USB_SetCurrentMode
 .text.USB_DevInit
                0x0000000008002f48       0x28 ./Drivers/STM32F1xx_HAL_Driver/Src/stm32f1xx_ll_usb.o
                0x0000000008002f48                USB_DevInit
 .text.USB_ActivateEndpoint
                0x0000000008002f70      0x2c0 ./Drivers/STM32F1xx_HAL_Driver/Src/stm32f1xx_ll_usb.o
                0x0000000008002f70                USB_ActivateEndpoint
 .text.USB_EPSetStall
                0x0000000008003230       0x40 ./Drivers/STM32F1xx_HAL_Driver/Src/stm32f1xx_ll_usb.o
                0x0000000008003230                USB_EPSetStall
 .text.USB_EPClearStall
                0x0000000008003270       0x92 ./Drivers/STM32F1xx_HAL_Driver/Src/stm32f1xx_ll_usb.o
                0x0000000008003270                USB_EPClearStall
 .text.USB_SetDevAddress
                0x0000000008003302        0xc ./Drivers/STM32F1xx_HAL_Driver/Src/stm32f1xx_ll_usb.o
                0x0000000008003302                USB_SetDevAddress
 .text.USB_DevConnect
                0x000000000800330e        0x4 ./Drivers/STM32F1xx_HAL_Driver/Src/stm32f1xx_ll_usb.o
                0x000000000800330e                USB_DevConnect
 .text.USB_DevDisconnect
                0x0000000008003312        0x4 ./Drivers/STM32F1xx_HAL_Driver/Src/stm32f1xx_ll_usb.o
                0x0000000008003312                USB_DevDisconnect
 .text.USB_ReadInterrupts
                0x0000000008003316        0x8 ./Drivers/STM32F1xx_HAL_Driver/Src/stm32f1xx_ll_usb.o
                0x0000000008003316                USB_ReadInterrupts
 .text.USB_EP0_OutStart
                0x000000000800331e        0x4 ./Drivers/STM32F1xx_HAL_Driver/Src/stm32f1xx_ll_usb.o
                0x000000000800331e                USB_EP0_OutStart
 .text.USB_WritePMA
                0x0000000008003322       0x20 ./Drivers/STM32F1xx_HAL_Driver/Src/stm32f1xx_ll_usb.o
                0x0000000008003322                USB_WritePMA
 .text.USB_EPStartXfer
                0x0000000008003342      0x430 ./Drivers/STM32F1xx_HAL_Driver/Src/stm32f1xx_ll_usb.o
                0x0000000008003342                USB_EPStartXfer
 .text.USB_ReadPMA
                0x0000000008003772       0x38 ./Drivers/STM32F1xx_HAL_Driver/Src/stm32f1xx_ll_usb.o
                0x0000000008003772                USB_ReadPMA
 *fill*         0x00000000080037aa        0x2 
 .text.USBD_DFU_GetCfgDesc
                0x00000000080037ac        0xc ./Middlewares/ST/STM32_USB_Device_Library/Class/DFU/Src/usbd_dfu.o
 .text.USBD_DFU_DataIn
                0x00000000080037b8        0x4 ./Middlewares/ST/STM32_USB_Device_Library/Class/DFU/Src/usbd_dfu.o
 .text.USBD_DFU_EP0_RxReady
                0x00000000080037bc        0x4 ./Middlewares/ST/STM32_USB_Device_Library/Class/DFU/Src/usbd_dfu.o
 .text.USBD_DFU_GetDeviceQualifierDesc
                0x00000000080037c0        0xc ./Middlewares/ST/STM32_USB_Device_Library/Class/DFU/Src/usbd_dfu.o
 .text.USBD_DFU_EP0_TxReady
                0x00000000080037cc      0x14c ./Middlewares/ST/STM32_USB_Device_Library/Class/DFU/Src/usbd_dfu.o
 .text.USBD_DFU_DeInit
                0x0000000008003918       0x38 ./Middlewares/ST/STM32_USB_Device_Library/Class/DFU/Src/usbd_dfu.o
 .text.USBD_DFU_Init
                0x0000000008003950       0x4a ./Middlewares/ST/STM32_USB_Device_Library/Class/DFU/Src/usbd_dfu.o
 .text.USBD_DFU_IsoOutIncomplete
                0x000000000800399a        0x4 ./Middlewares/ST/STM32_USB_Device_Library/Class/DFU/Src/usbd_dfu.o
 *fill*         0x000000000800399e        0x2 
 .text.USBD_DFU_GetUsrStringDesc
                0x00000000080039a0       0x20 ./Middlewares/ST/STM32_USB_Device_Library/Class/DFU/Src/usbd_dfu.o
 .text.USBD_DFU_Setup
                0x00000000080039c0      0x318 ./Middlewares/ST/STM32_USB_Device_Library/Class/DFU/Src/usbd_dfu.o
 .text.USBD_DFU_DataOut
                0x0000000008003cd8        0x4 ./Middlewares/ST/STM32_USB_Device_Library/Class/DFU/Src/usbd_dfu.o
 .text.USBD_DFU_IsoINIncomplete
                0x0000000008003cdc        0x4 ./Middlewares/ST/STM32_USB_Device_Library/Class/DFU/Src/usbd_dfu.o
 .text.USBD_DFU_SOF
                0x0000000008003ce0        0x4 ./Middlewares/ST/STM32_USB_Device_Library/Class/DFU/Src/usbd_dfu.o
 .text.USBD_DFU_RegisterMedia
                0x0000000008003ce4        0xa ./Middlewares/ST/STM32_USB_Device_Library/Class/DFU/Src/usbd_dfu.o
                0x0000000008003ce4                USBD_DFU_RegisterMedia
 *fill*         0x0000000008003cee        0x2 
 .text.USBD_Init
                0x0000000008003cf0       0x44 ./Middlewares/ST/STM32_USB_Device_Library/Core/Src/usbd_core.o
                0x0000000008003cf0                USBD_Init
 .text.USBD_RegisterClass
                0x0000000008003d34       0x2c ./Middlewares/ST/STM32_USB_Device_Library/Core/Src/usbd_core.o
                0x0000000008003d34                USBD_RegisterClass
 .text.USBD_Start
                0x0000000008003d60        0xa ./Middlewares/ST/STM32_USB_Device_Library/Core/Src/usbd_core.o
                0x0000000008003d60                USBD_Start
 .text.USBD_Stop
                0x0000000008003d6a       0x18 ./Middlewares/ST/STM32_USB_Device_Library/Core/Src/usbd_core.o
                0x0000000008003d6a                USBD_Stop
 .text.USBD_SetClassConfig
                0x0000000008003d82       0x1a ./Middlewares/ST/STM32_USB_Device_Library/Core/Src/usbd_core.o
                0x0000000008003d82                USBD_SetClassConfig
 .text.USBD_ClrClassConfig
                0x0000000008003d9c        0xe ./Middlewares/ST/STM32_USB_Device_Library/Core/Src/usbd_core.o
                0x0000000008003d9c                USBD_ClrClassConfig
 .text.USBD_LL_SetupStage
                0x0000000008003daa       0x5a ./Middlewares/ST/STM32_USB_Device_Library/Core/Src/usbd_core.o
                0x0000000008003daa                USBD_LL_SetupStage
 .text.USBD_LL_DataOutStage
                0x0000000008003e04       0x74 ./Middlewares/ST/STM32_USB_Device_Library/Core/Src/usbd_core.o
                0x0000000008003e04                USBD_LL_DataOutStage
 .text.USBD_LL_DataInStage
                0x0000000008003e78       0xb6 ./Middlewares/ST/STM32_USB_Device_Library/Core/Src/usbd_core.o
                0x0000000008003e78                USBD_LL_DataInStage
 .text.USBD_LL_Reset
                0x0000000008003f2e       0x4e ./Middlewares/ST/STM32_USB_Device_Library/Core/Src/usbd_core.o
                0x0000000008003f2e                USBD_LL_Reset
 .text.USBD_LL_SetSpeed
                0x0000000008003f7c        0x6 ./Middlewares/ST/STM32_USB_Device_Library/Core/Src/usbd_core.o
                0x0000000008003f7c                USBD_LL_SetSpeed
 .text.USBD_LL_Suspend
                0x0000000008003f82       0x12 ./Middlewares/ST/STM32_USB_Device_Library/Core/Src/usbd_core.o
                0x0000000008003f82                USBD_LL_Suspend
 .text.USBD_LL_Resume
                0x0000000008003f94       0x14 ./Middlewares/ST/STM32_USB_Device_Library/Core/Src/usbd_core.o
                0x0000000008003f94                USBD_LL_Resume
 .text.USBD_LL_SOF
                0x0000000008003fa8       0x18 ./Middlewares/ST/STM32_USB_Device_Library/Core/Src/usbd_core.o
                0x0000000008003fa8                USBD_LL_SOF
 .text.USBD_CtlError.constprop.0
                0x0000000008003fc0       0x16 ./Middlewares/ST/STM32_USB_Device_Library/Core/Src/usbd_ctlreq.o
 *fill*         0x0000000008003fd6        0x2 
 .text.USBD_StdDevReq
                0x0000000008003fd8      0x264 ./Middlewares/ST/STM32_USB_Device_Library/Core/Src/usbd_ctlreq.o
                0x0000000008003fd8                USBD_StdDevReq
 .text.USBD_StdItfReq
                0x000000000800423c       0x48 ./Middlewares/ST/STM32_USB_Device_Library/Core/Src/usbd_ctlreq.o
                0x000000000800423c                USBD_StdItfReq
 .text.USBD_StdEPReq
                0x0000000008004284      0x110 ./Middlewares/ST/STM32_USB_Device_Library/Core/Src/usbd_ctlreq.o
                0x0000000008004284                USBD_StdEPReq
 .text.USBD_ParseSetupRequest
                0x0000000008004394       0x28 ./Middlewares/ST/STM32_USB_Device_Library/Core/Src/usbd_ctlreq.o
                0x0000000008004394                USBD_ParseSetupRequest
 .text.USBD_CtlError
                0x00000000080043bc       0x16 ./Middlewares/ST/STM32_USB_Device_Library/Core/Src/usbd_ctlreq.o
                0x00000000080043bc                USBD_CtlError
 .text.USBD_GetString
                0x00000000080043d2       0x38 ./Middlewares/ST/STM32_USB_Device_Library/Core/Src/usbd_ctlreq.o
                0x00000000080043d2                USBD_GetString
 .text.USBD_CtlSendData
                0x000000000800440a       0x1a ./Middlewares/ST/STM32_USB_Device_Library/Core/Src/usbd_ioreq.o
                0x000000000800440a                USBD_CtlSendData
 .text.USBD_CtlContinueSendData
                0x0000000008004424       0x10 ./Middlewares/ST/STM32_USB_Device_Library/Core/Src/usbd_ioreq.o
                0x0000000008004424                USBD_CtlContinueSendData
 .text.USBD_CtlPrepareRx
                0x0000000008004434       0x1a ./Middlewares/ST/STM32_USB_Device_Library/Core/Src/usbd_ioreq.o
                0x0000000008004434                USBD_CtlPrepareRx
 .text.USBD_CtlContinueRx
                0x000000000800444e       0x10 ./Middlewares/ST/STM32_USB_Device_Library/Core/Src/usbd_ioreq.o
                0x000000000800444e                USBD_CtlContinueRx
 .text.USBD_CtlSendStatus
                0x000000000800445e       0x16 ./Middlewares/ST/STM32_USB_Device_Library/Core/Src/usbd_ioreq.o
                0x000000000800445e                USBD_CtlSendStatus
 .text.USBD_CtlReceiveStatus
                0x0000000008004474       0x16 ./Middlewares/ST/STM32_USB_Device_Library/Core/Src/usbd_ioreq.o
                0x0000000008004474                USBD_CtlReceiveStatus
 *fill*         0x000000000800448a        0x2 
 .text.MX_USB_DEVICE_Init
                0x000000000800448c       0x50 ./USB_DEVICE/App/usb_device.o
                0x000000000800448c                MX_USB_DEVICE_Init
 .text.USBD_FS_DeviceDescriptor
                0x00000000080044dc        0xc ./USB_DEVICE/App/usbd_desc.o
                0x00000000080044dc                USBD_FS_DeviceDescriptor
 .text.USBD_FS_LangIDStrDescriptor
                0x00000000080044e8        0xc ./USB_DEVICE/App/usbd_desc.o
                0x00000000080044e8                USBD_FS_LangIDStrDescriptor
 .text.IntToUnicode
                0x00000000080044f4       0x2a ./USB_DEVICE/App/usbd_desc.o
 *fill*         0x000000000800451e        0x2 
 .text.USBD_FS_SerialStrDescriptor
                0x0000000008004520       0x3c ./USB_DEVICE/App/usbd_desc.o
                0x0000000008004520                USBD_FS_SerialStrDescriptor
 .text.USBD_FS_ManufacturerStrDescriptor
                0x000000000800455c       0x1c ./USB_DEVICE/App/usbd_desc.o
                0x000000000800455c                USBD_FS_ManufacturerStrDescriptor
 .text.USBD_FS_ProductStrDescriptor
                0x0000000008004578       0x1c ./USB_DEVICE/App/usbd_desc.o
                0x0000000008004578                USBD_FS_ProductStrDescriptor
 .text.USBD_FS_ConfigStrDescriptor
                0x0000000008004594       0x1c ./USB_DEVICE/App/usbd_desc.o
                0x0000000008004594                USBD_FS_ConfigStrDescriptor
 .text.USBD_FS_InterfaceStrDescriptor
                0x00000000080045b0       0x1c ./USB_DEVICE/App/usbd_desc.o
                0x00000000080045b0                USBD_FS_InterfaceStrDescriptor
 .text.MEM_If_Init_FS
                0x00000000080045cc        0x4 ./USB_DEVICE/App/usbd_dfu_if.o
 .text.MEM_If_Erase_FS
                0x00000000080045d0        0x4 ./USB_DEVICE/App/usbd_dfu_if.o
 .text.MEM_If_Write_FS
                0x00000000080045d4        0x4 ./USB_DEVICE/App/usbd_dfu_if.o
 .text.MEM_If_Read_FS
                0x00000000080045d8        0x4 ./USB_DEVICE/App/usbd_dfu_if.o
 .text.MEM_If_GetStatus_FS
                0x00000000080045dc        0x4 ./USB_DEVICE/App/usbd_dfu_if.o
 .text.MEM_If_DeInit_FS
                0x00000000080045e0        0x4 ./USB_DEVICE/App/usbd_dfu_if.o
 .text.USBD_Get_USB_Status
                0x00000000080045e4       0x10 ./USB_DEVICE/Target/usbd_conf.o
 .text.HAL_PCD_MspInit
                0x00000000080045f4       0x50 ./USB_DEVICE/Target/usbd_conf.o
                0x00000000080045f4                HAL_PCD_MspInit
 .text.HAL_PCD_SetupStageCallback
                0x0000000008004644        0xc ./USB_DEVICE/Target/usbd_conf.o
                0x0000000008004644                HAL_PCD_SetupStageCallback
 .text.HAL_PCD_DataOutStageCallback
                0x0000000008004650       0x12 ./USB_DEVICE/Target/usbd_conf.o
                0x0000000008004650                HAL_PCD_DataOutStageCallback
 .text.HAL_PCD_DataInStageCallback
                0x0000000008004662       0x10 ./USB_DEVICE/Target/usbd_conf.o
                0x0000000008004662                HAL_PCD_DataInStageCallback
 .text.HAL_PCD_SOFCallback
                0x0000000008004672        0x8 ./USB_DEVICE/Target/usbd_conf.o
                0x0000000008004672                HAL_PCD_SOFCallback
 .text.HAL_PCD_ResetCallback
                0x000000000800467a       0x24 ./USB_DEVICE/Target/usbd_conf.o
                0x000000000800467a                HAL_PCD_ResetCallback
 *fill*         0x000000000800469e        0x2 
 .text.HAL_PCD_SuspendCallback
                0x00000000080046a0       0x20 ./USB_DEVICE/Target/usbd_conf.o
                0x00000000080046a0                HAL_PCD_SuspendCallback
 .text.HAL_PCD_ResumeCallback
                0x00000000080046c0        0x8 ./USB_DEVICE/Target/usbd_conf.o
                0x00000000080046c0                HAL_PCD_ResumeCallback
 .text.USBD_LL_Init
                0x00000000080046c8       0x54 ./USB_DEVICE/Target/usbd_conf.o
                0x00000000080046c8                USBD_LL_Init
 .text.USBD_LL_Start
                0x000000000800471c       0x12 ./USB_DEVICE/Target/usbd_conf.o
                0x000000000800471c                USBD_LL_Start
 .text.USBD_LL_Stop
                0x000000000800472e       0x12 ./USB_DEVICE/Target/usbd_conf.o
                0x000000000800472e                USBD_LL_Stop
 .text.USBD_LL_OpenEP
                0x0000000008004740       0x18 ./USB_DEVICE/Target/usbd_conf.o
                0x0000000008004740                USBD_LL_OpenEP
 .text.USBD_LL_StallEP
                0x0000000008004758       0x12 ./USB_DEVICE/Target/usbd_conf.o
                0x0000000008004758                USBD_LL_StallEP
 .text.USBD_LL_ClearStallEP
                0x000000000800476a       0x12 ./USB_DEVICE/Target/usbd_conf.o
                0x000000000800476a                USBD_LL_ClearStallEP
 .text.USBD_LL_IsStallEP
                0x000000000800477c       0x24 ./USB_DEVICE/Target/usbd_conf.o
                0x000000000800477c                USBD_LL_IsStallEP
 .text.USBD_LL_SetUSBAddress
                0x00000000080047a0       0x12 ./USB_DEVICE/Target/usbd_conf.o
                0x00000000080047a0                USBD_LL_SetUSBAddress
 .text.USBD_LL_Transmit
                0x00000000080047b2       0x12 ./USB_DEVICE/Target/usbd_conf.o
                0x00000000080047b2                USBD_LL_Transmit
 .text.USBD_LL_PrepareReceive
                0x00000000080047c4       0x12 ./USB_DEVICE/Target/usbd_conf.o
                0x00000000080047c4                USBD_LL_PrepareReceive
 *fill*         0x00000000080047d6        0x2 
 .text.USBD_static_malloc
                0x00000000080047d8        0x8 ./USB_DEVICE/Target/usbd_conf.o
                0x00000000080047d8                USBD_static_malloc
 .text.USBD_static_free
                0x00000000080047e0        0x2 ./USB_DEVICE/Target/usbd_conf.o
                0x00000000080047e0                USBD_static_free
 .text.HAL_PCDEx_SetConnectionState
                0x00000000080047e2        0x2 ./USB_DEVICE/Target/usbd_conf.o
                0x00000000080047e2                HAL_PCDEx_SetConnectionState
 .text.std      0x00000000080047e4       0x48 C:/ST/STM32CubeIDE_1.7.0/STM32CubeIDE/plugins/com.st.stm32cube.ide.mcu.externaltools.gnu-tools-for-stm32.11.3.rel1.win32_1.1.0.202305231506/tools/bin/../lib/gcc/arm-none-eabi/11.3.1/../../../../arm-none-eabi/lib/thumb/v7-m/nofp\libc_nano.a(libc_a-findfp.o)
 .text.stdio_exit_handler
                0x000000000800482c       0x18 C:/ST/STM32CubeIDE_1.7.0/STM32CubeIDE/plugins/com.st.stm32cube.ide.mcu.externaltools.gnu-tools-for-stm32.11.3.rel1.win32_1.1.0.202305231506/tools/bin/../lib/gcc/arm-none-eabi/11.3.1/../../../../arm-none-eabi/lib/thumb/v7-m/nofp\libc_nano.a(libc_a-findfp.o)
 .text.cleanup_stdio
                0x0000000008004844       0x40 C:/ST/STM32CubeIDE_1.7.0/STM32CubeIDE/plugins/com.st.stm32cube.ide.mcu.externaltools.gnu-tools-for-stm32.11.3.rel1.win32_1.1.0.202305231506/tools/bin/../lib/gcc/arm-none-eabi/11.3.1/../../../../arm-none-eabi/lib/thumb/v7-m/nofp\libc_nano.a(libc_a-findfp.o)
 .text.global_stdio_init.part.0
                0x0000000008004884       0x3c C:/ST/STM32CubeIDE_1.7.0/STM32CubeIDE/plugins/com.st.stm32cube.ide.mcu.externaltools.gnu-tools-for-stm32.11.3.rel1.win32_1.1.0.202305231506/tools/bin/../lib/gcc/arm-none-eabi/11.3.1/../../../../arm-none-eabi/lib/thumb/v7-m/nofp\libc_nano.a(libc_a-findfp.o)
 .text.__sfp_lock_acquire
                0x00000000080048c0        0xc C:/ST/STM32CubeIDE_1.7.0/STM32CubeIDE/plugins/com.st.stm32cube.ide.mcu.externaltools.gnu-tools-for-stm32.11.3.rel1.win32_1.1.0.202305231506/tools/bin/../lib/gcc/arm-none-eabi/11.3.1/../../../../arm-none-eabi/lib/thumb/v7-m/nofp\libc_nano.a(libc_a-findfp.o)
                0x00000000080048c0                __sfp_lock_acquire
 .text.__sfp_lock_release
                0x00000000080048cc        0xc C:/ST/STM32CubeIDE_1.7.0/STM32CubeIDE/plugins/com.st.stm32cube.ide.mcu.externaltools.gnu-tools-for-stm32.11.3.rel1.win32_1.1.0.202305231506/tools/bin/../lib/gcc/arm-none-eabi/11.3.1/../../../../arm-none-eabi/lib/thumb/v7-m/nofp\libc_nano.a(libc_a-findfp.o)
                0x00000000080048cc                __sfp_lock_release
 .text.__sinit  0x00000000080048d8       0x30 C:/ST/STM32CubeIDE_1.7.0/STM32CubeIDE/plugins/com.st.stm32cube.ide.mcu.externaltools.gnu-tools-for-stm32.11.3.rel1.win32_1.1.0.202305231506/tools/bin/../lib/gcc/arm-none-eabi/11.3.1/../../../../arm-none-eabi/lib/thumb/v7-m/nofp\libc_nano.a(libc_a-findfp.o)
                0x00000000080048d8                __sinit
 .text._fwalk_sglue
                0x0000000008004908       0x3c C:/ST/STM32CubeIDE_1.7.0/STM32CubeIDE/plugins/com.st.stm32cube.ide.mcu.externaltools.gnu-tools-for-stm32.11.3.rel1.win32_1.1.0.202305231506/tools/bin/../lib/gcc/arm-none-eabi/11.3.1/../../../../arm-none-eabi/lib/thumb/v7-m/nofp\libc_nano.a(libc_a-fwalk.o)
                0x0000000008004908                _fwalk_sglue
 .text.printf   0x0000000008004944       0x24 C:/ST/STM32CubeIDE_1.7.0/STM32CubeIDE/plugins/com.st.stm32cube.ide.mcu.externaltools.gnu-tools-for-stm32.11.3.rel1.win32_1.1.0.202305231506/tools/bin/../lib/gcc/arm-none-eabi/11.3.1/../../../../arm-none-eabi/lib/thumb/v7-m/nofp\libc_nano.a(libc_a-printf.o)
                0x0000000008004944                iprintf
                0x0000000008004944                printf
 .text.putchar  0x0000000008004968       0x10 C:/ST/STM32CubeIDE_1.7.0/STM32CubeIDE/plugins/com.st.stm32cube.ide.mcu.externaltools.gnu-tools-for-stm32.11.3.rel1.win32_1.1.0.202305231506/tools/bin/../lib/gcc/arm-none-eabi/11.3.1/../../../../arm-none-eabi/lib/thumb/v7-m/nofp\libc_nano.a(libc_a-putchar.o)
                0x0000000008004968                putchar
 .text.__sread  0x0000000008004978       0x22 C:/ST/STM32CubeIDE_1.7.0/STM32CubeIDE/plugins/com.st.stm32cube.ide.mcu.externaltools.gnu-tools-for-stm32.11.3.rel1.win32_1.1.0.202305231506/tools/bin/../lib/gcc/arm-none-eabi/11.3.1/../../../../arm-none-eabi/lib/thumb/v7-m/nofp\libc_nano.a(libc_a-stdio.o)
                0x0000000008004978                __sread
 .text.__swrite
                0x000000000800499a       0x38 C:/ST/STM32CubeIDE_1.7.0/STM32CubeIDE/plugins/com.st.stm32cube.ide.mcu.externaltools.gnu-tools-for-stm32.11.3.rel1.win32_1.1.0.202305231506/tools/bin/../lib/gcc/arm-none-eabi/11.3.1/../../../../arm-none-eabi/lib/thumb/v7-m/nofp\libc_nano.a(libc_a-stdio.o)
                0x000000000800499a                __swrite
 .text.__sseek  0x00000000080049d2       0x24 C:/ST/STM32CubeIDE_1.7.0/STM32CubeIDE/plugins/com.st.stm32cube.ide.mcu.externaltools.gnu-tools-for-stm32.11.3.rel1.win32_1.1.0.202305231506/tools/bin/../lib/gcc/arm-none-eabi/11.3.1/../../../../arm-none-eabi/lib/thumb/v7-m/nofp\libc_nano.a(libc_a-stdio.o)
                0x00000000080049d2                __sseek
 .text.__sclose
                0x00000000080049f6        0x8 C:/ST/STM32CubeIDE_1.7.0/STM32CubeIDE/plugins/com.st.stm32cube.ide.mcu.externaltools.gnu-tools-for-stm32.11.3.rel1.win32_1.1.0.202305231506/tools/bin/../lib/gcc/arm-none-eabi/11.3.1/../../../../arm-none-eabi/lib/thumb/v7-m/nofp\libc_nano.a(libc_a-stdio.o)
                0x00000000080049f6                __sclose
 .text.memset   0x00000000080049fe       0x10 C:/ST/STM32CubeIDE_1.7.0/STM32CubeIDE/plugins/com.st.stm32cube.ide.mcu.externaltools.gnu-tools-for-stm32.11.3.rel1.win32_1.1.0.202305231506/tools/bin/../lib/gcc/arm-none-eabi/11.3.1/../../../../arm-none-eabi/lib/thumb/v7-m/nofp\libc_nano.a(libc_a-memset.o)
                0x00000000080049fe                memset
 *fill*         0x0000000008004a0e        0x2 
 .text._close_r
                0x0000000008004a10       0x20 C:/ST/STM32CubeIDE_1.7.0/STM32CubeIDE/plugins/com.st.stm32cube.ide.mcu.externaltools.gnu-tools-for-stm32.11.3.rel1.win32_1.1.0.202305231506/tools/bin/../lib/gcc/arm-none-eabi/11.3.1/../../../../arm-none-eabi/lib/thumb/v7-m/nofp\libc_nano.a(libc_a-closer.o)
                0x0000000008004a10                _close_r
 .text._lseek_r
                0x0000000008004a30       0x24 C:/ST/STM32CubeIDE_1.7.0/STM32CubeIDE/plugins/com.st.stm32cube.ide.mcu.externaltools.gnu-tools-for-stm32.11.3.rel1.win32_1.1.0.202305231506/tools/bin/../lib/gcc/arm-none-eabi/11.3.1/../../../../arm-none-eabi/lib/thumb/v7-m/nofp\libc_nano.a(libc_a-lseekr.o)
                0x0000000008004a30                _lseek_r
 .text._read_r  0x0000000008004a54       0x24 C:/ST/STM32CubeIDE_1.7.0/STM32CubeIDE/plugins/com.st.stm32cube.ide.mcu.externaltools.gnu-tools-for-stm32.11.3.rel1.win32_1.1.0.202305231506/tools/bin/../lib/gcc/arm-none-eabi/11.3.1/../../../../arm-none-eabi/lib/thumb/v7-m/nofp\libc_nano.a(libc_a-readr.o)
                0x0000000008004a54                _read_r
 .text._write_r
                0x0000000008004a78       0x24 C:/ST/STM32CubeIDE_1.7.0/STM32CubeIDE/plugins/com.st.stm32cube.ide.mcu.externaltools.gnu-tools-for-stm32.11.3.rel1.win32_1.1.0.202305231506/tools/bin/../lib/gcc/arm-none-eabi/11.3.1/../../../../arm-none-eabi/lib/thumb/v7-m/nofp\libc_nano.a(libc_a-writer.o)
                0x0000000008004a78                _write_r
 .text.__errno  0x0000000008004a9c        0xc C:/ST/STM32CubeIDE_1.7.0/STM32CubeIDE/plugins/com.st.stm32cube.ide.mcu.externaltools.gnu-tools-for-stm32.11.3.rel1.win32_1.1.0.202305231506/tools/bin/../lib/gcc/arm-none-eabi/11.3.1/../../../../arm-none-eabi/lib/thumb/v7-m/nofp\libc_nano.a(libc_a-errno.o)
                0x0000000008004a9c                __errno
 .text.__libc_init_array
                0x0000000008004aa8       0x48 C:/ST/STM32CubeIDE_1.7.0/STM32CubeIDE/plugins/com.st.stm32cube.ide.mcu.externaltools.gnu-tools-for-stm32.11.3.rel1.win32_1.1.0.202305231506/tools/bin/../lib/gcc/arm-none-eabi/11.3.1/../../../../arm-none-eabi/lib/thumb/v7-m/nofp\libc_nano.a(libc_a-init.o)
                0x0000000008004aa8                __libc_init_array
 .text.__retarget_lock_acquire_recursive
                0x0000000008004af0        0x2 C:/ST/STM32CubeIDE_1.7.0/STM32CubeIDE/plugins/com.st.stm32cube.ide.mcu.externaltools.gnu-tools-for-stm32.11.3.rel1.win32_1.1.0.202305231506/tools/bin/../lib/gcc/arm-none-eabi/11.3.1/../../../../arm-none-eabi/lib/thumb/v7-m/nofp\libc_nano.a(libc_a-lock.o)
                0x0000000008004af0                __retarget_lock_acquire_recursive
 .text.__retarget_lock_release_recursive
                0x0000000008004af2        0x2 C:/ST/STM32CubeIDE_1.7.0/STM32CubeIDE/plugins/com.st.stm32cube.ide.mcu.externaltools.gnu-tools-for-stm32.11.3.rel1.win32_1.1.0.202305231506/tools/bin/../lib/gcc/arm-none-eabi/11.3.1/../../../../arm-none-eabi/lib/thumb/v7-m/nofp\libc_nano.a(libc_a-lock.o)
                0x0000000008004af2                __retarget_lock_release_recursive
 .text._free_r  0x0000000008004af4       0x90 C:/ST/STM32CubeIDE_1.7.0/STM32CubeIDE/plugins/com.st.stm32cube.ide.mcu.externaltools.gnu-tools-for-stm32.11.3.rel1.win32_1.1.0.202305231506/tools/bin/../lib/gcc/arm-none-eabi/11.3.1/../../../../arm-none-eabi/lib/thumb/v7-m/nofp\libc_nano.a(libc_a-freer.o)
                0x0000000008004af4                _free_r
 .text.sbrk_aligned
                0x0000000008004b84       0x40 C:/ST/STM32CubeIDE_1.7.0/STM32CubeIDE/plugins/com.st.stm32cube.ide.mcu.externaltools.gnu-tools-for-stm32.11.3.rel1.win32_1.1.0.202305231506/tools/bin/../lib/gcc/arm-none-eabi/11.3.1/../../../../arm-none-eabi/lib/thumb/v7-m/nofp\libc_nano.a(libc_a-mallocr.o)
 .text._malloc_r
                0x0000000008004bc4      0x100 C:/ST/STM32CubeIDE_1.7.0/STM32CubeIDE/plugins/com.st.stm32cube.ide.mcu.externaltools.gnu-tools-for-stm32.11.3.rel1.win32_1.1.0.202305231506/tools/bin/../lib/gcc/arm-none-eabi/11.3.1/../../../../arm-none-eabi/lib/thumb/v7-m/nofp\libc_nano.a(libc_a-mallocr.o)
                0x0000000008004bc4                _malloc_r
 .text.__malloc_lock
                0x0000000008004cc4        0xc C:/ST/STM32CubeIDE_1.7.0/STM32CubeIDE/plugins/com.st.stm32cube.ide.mcu.externaltools.gnu-tools-for-stm32.11.3.rel1.win32_1.1.0.202305231506/tools/bin/../lib/gcc/arm-none-eabi/11.3.1/../../../../arm-none-eabi/lib/thumb/v7-m/nofp\libc_nano.a(libc_a-mlock.o)
                0x0000000008004cc4                __malloc_lock
 .text.__malloc_unlock
                0x0000000008004cd0        0xc C:/ST/STM32CubeIDE_1.7.0/STM32CubeIDE/plugins/com.st.stm32cube.ide.mcu.externaltools.gnu-tools-for-stm32.11.3.rel1.win32_1.1.0.202305231506/tools/bin/../lib/gcc/arm-none-eabi/11.3.1/../../../../arm-none-eabi/lib/thumb/v7-m/nofp\libc_nano.a(libc_a-mlock.o)
                0x0000000008004cd0                __malloc_unlock
 .text.__sfputc_r
                0x0000000008004cdc       0x2a C:/ST/STM32CubeIDE_1.7.0/STM32CubeIDE/plugins/com.st.stm32cube.ide.mcu.externaltools.gnu-tools-for-stm32.11.3.rel1.win32_1.1.0.202305231506/tools/bin/../lib/gcc/arm-none-eabi/11.3.1/../../../../arm-none-eabi/lib/thumb/v7-m/nofp\libc_nano.a(libc_a-nano-vfprintf.o)
 .text.__sfputs_r
                0x0000000008004d06       0x24 C:/ST/STM32CubeIDE_1.7.0/STM32CubeIDE/plugins/com.st.stm32cube.ide.mcu.externaltools.gnu-tools-for-stm32.11.3.rel1.win32_1.1.0.202305231506/tools/bin/../lib/gcc/arm-none-eabi/11.3.1/../../../../arm-none-eabi/lib/thumb/v7-m/nofp\libc_nano.a(libc_a-nano-vfprintf.o)
                0x0000000008004d06                __sfputs_r
 *fill*         0x0000000008004d2a        0x2 
 .text._vfprintf_r
                0x0000000008004d2c      0x234 C:/ST/STM32CubeIDE_1.7.0/STM32CubeIDE/plugins/com.st.stm32cube.ide.mcu.externaltools.gnu-tools-for-stm32.11.3.rel1.win32_1.1.0.202305231506/tools/bin/../lib/gcc/arm-none-eabi/11.3.1/../../../../arm-none-eabi/lib/thumb/v7-m/nofp\libc_nano.a(libc_a-nano-vfprintf.o)
                0x0000000008004d2c                _vfprintf_r
                0x0000000008004d2c                _vfiprintf_r
 .text._printf_common
                0x0000000008004f60       0xe4 C:/ST/STM32CubeIDE_1.7.0/STM32CubeIDE/plugins/com.st.stm32cube.ide.mcu.externaltools.gnu-tools-for-stm32.11.3.rel1.win32_1.1.0.202305231506/tools/bin/../lib/gcc/arm-none-eabi/11.3.1/../../../../arm-none-eabi/lib/thumb/v7-m/nofp\libc_nano.a(libc_a-nano-vfprintf_i.o)
                0x0000000008004f60                _printf_common
 .text._printf_i
                0x0000000008005044      0x244 C:/ST/STM32CubeIDE_1.7.0/STM32CubeIDE/plugins/com.st.stm32cube.ide.mcu.externaltools.gnu-tools-for-stm32.11.3.rel1.win32_1.1.0.202305231506/tools/bin/../lib/gcc/arm-none-eabi/11.3.1/../../../../arm-none-eabi/lib/thumb/v7-m/nofp\libc_nano.a(libc_a-nano-vfprintf_i.o)
                0x0000000008005044                _printf_i
 .text.__sflush_r
                0x0000000008005288      0x104 C:/ST/STM32CubeIDE_1.7.0/STM32CubeIDE/plugins/com.st.stm32cube.ide.mcu.externaltools.gnu-tools-for-stm32.11.3.rel1.win32_1.1.0.202305231506/tools/bin/../lib/gcc/arm-none-eabi/11.3.1/../../../../arm-none-eabi/lib/thumb/v7-m/nofp\libc_nano.a(libc_a-fflush.o)
                0x0000000008005288                __sflush_r
 .text._fflush_r
                0x000000000800538c       0x50 C:/ST/STM32CubeIDE_1.7.0/STM32CubeIDE/plugins/com.st.stm32cube.ide.mcu.externaltools.gnu-tools-for-stm32.11.3.rel1.win32_1.1.0.202305231506/tools/bin/../lib/gcc/arm-none-eabi/11.3.1/../../../../arm-none-eabi/lib/thumb/v7-m/nofp\libc_nano.a(libc_a-fflush.o)
                0x000000000800538c                _fflush_r
 .text._putc_r  0x00000000080053dc       0x68 C:/ST/STM32CubeIDE_1.7.0/STM32CubeIDE/plugins/com.st.stm32cube.ide.mcu.externaltools.gnu-tools-for-stm32.11.3.rel1.win32_1.1.0.202305231506/tools/bin/../lib/gcc/arm-none-eabi/11.3.1/../../../../arm-none-eabi/lib/thumb/v7-m/nofp\libc_nano.a(libc_a-putc.o)
                0x00000000080053dc                _putc_r
 .text.__swbuf_r
                0x0000000008005444       0x7a C:/ST/STM32CubeIDE_1.7.0/STM32CubeIDE/plugins/com.st.stm32cube.ide.mcu.externaltools.gnu-tools-for-stm32.11.3.rel1.win32_1.1.0.202305231506/tools/bin/../lib/gcc/arm-none-eabi/11.3.1/../../../../arm-none-eabi/lib/thumb/v7-m/nofp\libc_nano.a(libc_a-wbuf.o)
                0x0000000008005444                __swbuf_r
 *fill*         0x00000000080054be        0x2 
 .text.__swsetup_r
                0x00000000080054c0       0xb0 C:/ST/STM32CubeIDE_1.7.0/STM32CubeIDE/plugins/com.st.stm32cube.ide.mcu.externaltools.gnu-tools-for-stm32.11.3.rel1.win32_1.1.0.202305231506/tools/bin/../lib/gcc/arm-none-eabi/11.3.1/../../../../arm-none-eabi/lib/thumb/v7-m/nofp\libc_nano.a(libc_a-wsetup.o)
                0x00000000080054c0                __swsetup_r
 .text._sbrk_r  0x0000000008005570       0x20 C:/ST/STM32CubeIDE_1.7.0/STM32CubeIDE/plugins/com.st.stm32cube.ide.mcu.externaltools.gnu-tools-for-stm32.11.3.rel1.win32_1.1.0.202305231506/tools/bin/../lib/gcc/arm-none-eabi/11.3.1/../../../../arm-none-eabi/lib/thumb/v7-m/nofp\libc_nano.a(libc_a-sbrkr.o)
                0x0000000008005570                _sbrk_r
 .text.memchr   0x0000000008005590       0x1c C:/ST/STM32CubeIDE_1.7.0/STM32CubeIDE/plugins/com.st.stm32cube.ide.mcu.externaltools.gnu-tools-for-stm32.11.3.rel1.win32_1.1.0.202305231506/tools/bin/../lib/gcc/arm-none-eabi/11.3.1/../../../../arm-none-eabi/lib/thumb/v7-m/nofp\libc_nano.a(libc_a-memchr-stub.o)
                0x0000000008005590                memchr
 .text.__swhatbuf_r
                0x00000000080055ac       0x4a C:/ST/STM32CubeIDE_1.7.0/STM32CubeIDE/plugins/com.st.stm32cube.ide.mcu.externaltools.gnu-tools-for-stm32.11.3.rel1.win32_1.1.0.202305231506/tools/bin/../lib/gcc/arm-none-eabi/11.3.1/../../../../arm-none-eabi/lib/thumb/v7-m/nofp\libc_nano.a(libc_a-makebuf.o)
                0x00000000080055ac                __swhatbuf_r
 .text.__smakebuf_r
                0x00000000080055f6       0x78 C:/ST/STM32CubeIDE_1.7.0/STM32CubeIDE/plugins/com.st.stm32cube.ide.mcu.externaltools.gnu-tools-for-stm32.11.3.rel1.win32_1.1.0.202305231506/tools/bin/../lib/gcc/arm-none-eabi/11.3.1/../../../../arm-none-eabi/lib/thumb/v7-m/nofp\libc_nano.a(libc_a-makebuf.o)
                0x00000000080055f6                __smakebuf_r
 *fill*         0x000000000800566e        0x2 
 .text._fstat_r
                0x0000000008005670       0x24 C:/ST/STM32CubeIDE_1.7.0/STM32CubeIDE/plugins/com.st.stm32cube.ide.mcu.externaltools.gnu-tools-for-stm32.11.3.rel1.win32_1.1.0.202305231506/tools/bin/../lib/gcc/arm-none-eabi/11.3.1/../../../../arm-none-eabi/lib/thumb/v7-m/nofp\libc_nano.a(libc_a-fstatr.o)
                0x0000000008005670                _fstat_r
 .text._isatty_r
                0x0000000008005694       0x20 C:/ST/STM32CubeIDE_1.7.0/STM32CubeIDE/plugins/com.st.stm32cube.ide.mcu.externaltools.gnu-tools-for-stm32.11.3.rel1.win32_1.1.0.202305231506/tools/bin/../lib/gcc/arm-none-eabi/11.3.1/../../../../arm-none-eabi/lib/thumb/v7-m/nofp\libc_nano.a(libc_a-isattyr.o)
                0x0000000008005694                _isatty_r
 *(.glue_7)
 .glue_7        0x00000000080056b4        0x0 linker stubs
 *(.glue_7t)
 .glue_7t       0x00000000080056b4        0x0 linker stubs
 *(.eh_frame)
 .eh_frame      0x00000000080056b4        0x0 C:/ST/STM32CubeIDE_1.7.0/STM32CubeIDE/plugins/com.st.stm32cube.ide.mcu.externaltools.gnu-tools-for-stm32.11.3.rel1.win32_1.1.0.202305231506/tools/bin/../lib/gcc/arm-none-eabi/11.3.1/thumb/v7-m/nofp/crtbegin.o
 *(.init)
 .init          0x00000000080056b4        0x4 C:/ST/STM32CubeIDE_1.7.0/STM32CubeIDE/plugins/com.st.stm32cube.ide.mcu.externaltools.gnu-tools-for-stm32.11.3.rel1.win32_1.1.0.202305231506/tools/bin/../lib/gcc/arm-none-eabi/11.3.1/thumb/v7-m/nofp/crti.o
                0x00000000080056b4                _init
 .init          0x00000000080056b8        0x8 C:/ST/STM32CubeIDE_1.7.0/STM32CubeIDE/plugins/com.st.stm32cube.ide.mcu.externaltools.gnu-tools-for-stm32.11.3.rel1.win32_1.1.0.202305231506/tools/bin/../lib/gcc/arm-none-eabi/11.3.1/thumb/v7-m/nofp/crtn.o
 *(.fini)
 .fini          0x00000000080056c0        0x4 C:/ST/STM32CubeIDE_1.7.0/STM32CubeIDE/plugins/com.st.stm32cube.ide.mcu.externaltools.gnu-tools-for-stm32.11.3.rel1.win32_1.1.0.202305231506/tools/bin/../lib/gcc/arm-none-eabi/11.3.1/thumb/v7-m/nofp/crti.o
                0x00000000080056c0                _fini
 .fini          0x00000000080056c4        0x8 C:/ST/STM32CubeIDE_1.7.0/STM32CubeIDE/plugins/com.st.stm32cube.ide.mcu.externaltools.gnu-tools-for-stm32.11.3.rel1.win32_1.1.0.202305231506/tools/bin/../lib/gcc/arm-none-eabi/11.3.1/thumb/v7-m/nofp/crtn.o
                0x00000000080056cc                . = ALIGN (0x4)
                0x00000000080056cc                _etext = .

.vfp11_veneer   0x00000000080056cc        0x0
 .vfp11_veneer  0x00000000080056cc        0x0 linker stubs

.v4_bx          0x00000000080056cc        0x0
 .v4_bx         0x00000000080056cc        0x0 linker stubs

.iplt           0x00000000080056cc        0x0
 .iplt          0x00000000080056cc        0x0 C:/ST/STM32CubeIDE_1.7.0/STM32CubeIDE/plugins/com.st.stm32cube.ide.mcu.externaltools.gnu-tools-for-stm32.11.3.rel1.win32_1.1.0.202305231506/tools/bin/../lib/gcc/arm-none-eabi/11.3.1/thumb/v7-m/nofp/crtbegin.o

.rodata         0x00000000080056cc      0x13c
                0x00000000080056cc                . = ALIGN (0x4)
 *(.rodata)
 *(.rodata*)
 .rodata.AHBPrescTable
                0x00000000080056cc       0x10 ./Core/Src/system_stm32f1xx.o
                0x00000000080056cc                AHBPrescTable
 .rodata.APBPrescTable
                0x00000000080056dc        0x8 ./Core/Src/system_stm32f1xx.o
                0x00000000080056dc                APBPrescTable
 .rodata.aPLLMULFactorTable.1
                0x00000000080056e4       0x10 ./Drivers/STM32F1xx_HAL_Driver/Src/stm32f1xx_hal_rcc.o
 .rodata.aPredivFactorTable.0
                0x00000000080056f4        0x2 ./Drivers/STM32F1xx_HAL_Driver/Src/stm32f1xx_hal_rcc.o
 .rodata.USBD_Init.str1.1
                0x00000000080056f6       0x1e ./Middlewares/ST/STM32_USB_Device_Library/Core/Src/usbd_core.o
 .rodata.USBD_RegisterClass.str1.1
                0x0000000008005714       0x15 ./Middlewares/ST/STM32_USB_Device_Library/Core/Src/usbd_core.o
 .rodata.USBD_FS_ManufacturerStrDescriptor.str1.1
                0x0000000008005729       0x13 ./USB_DEVICE/App/usbd_desc.o
 .rodata.USBD_FS_ProductStrDescriptor.str1.1
                0x000000000800573c       0x1f ./USB_DEVICE/App/usbd_desc.o
 .rodata.USBD_FS_ConfigStrDescriptor.str1.1
                0x000000000800575b        0xb ./USB_DEVICE/App/usbd_desc.o
 .rodata.USBD_FS_InterfaceStrDescriptor.str1.1
                0x0000000008005766        0xe ./USB_DEVICE/App/usbd_desc.o
 .rodata.str1.1
                0x0000000008005774       0x5d ./USB_DEVICE/App/usbd_dfu_if.o
 .rodata.CSWTCH.3
                0x00000000080057d1        0x4 ./USB_DEVICE/Target/usbd_conf.o
 .rodata._vfprintf_r.str1.1
                0x00000000080057d5       0x11 C:/ST/STM32CubeIDE_1.7.0/STM32CubeIDE/plugins/com.st.stm32cube.ide.mcu.externaltools.gnu-tools-for-stm32.11.3.rel1.win32_1.1.0.202305231506/tools/bin/../lib/gcc/arm-none-eabi/11.3.1/../../../../arm-none-eabi/lib/thumb/v7-m/nofp\libc_nano.a(libc_a-nano-vfprintf.o)
 .rodata._printf_i.str1.1
                0x00000000080057e6       0x22 C:/ST/STM32CubeIDE_1.7.0/STM32CubeIDE/plugins/com.st.stm32cube.ide.mcu.externaltools.gnu-tools-for-stm32.11.3.rel1.win32_1.1.0.202305231506/tools/bin/../lib/gcc/arm-none-eabi/11.3.1/../../../../arm-none-eabi/lib/thumb/v7-m/nofp\libc_nano.a(libc_a-nano-vfprintf_i.o)
                0x0000000008005808                . = ALIGN (0x4)

.rel.dyn        0x0000000008005808        0x0
 .rel.iplt      0x0000000008005808        0x0 C:/ST/STM32CubeIDE_1.7.0/STM32CubeIDE/plugins/com.st.stm32cube.ide.mcu.externaltools.gnu-tools-for-stm32.11.3.rel1.win32_1.1.0.202305231506/tools/bin/../lib/gcc/arm-none-eabi/11.3.1/thumb/v7-m/nofp/crtbegin.o

.ARM.extab      0x0000000008005808        0x0
                0x0000000008005808                . = ALIGN (0x4)
 *(.ARM.extab* .gnu.linkonce.armextab.*)
                0x0000000008005808                . = ALIGN (0x4)

.ARM            0x0000000008005808        0x0
                0x0000000008005808                . = ALIGN (0x4)
                0x0000000008005808                __exidx_start = .
 *(.ARM.exidx*)
                0x0000000008005808                __exidx_end = .
                0x0000000008005808                . = ALIGN (0x4)

.preinit_array  0x0000000008005808        0x0
                0x0000000008005808                . = ALIGN (0x4)
                0x0000000008005808                PROVIDE (__preinit_array_start = .)
 *(.preinit_array*)
                0x0000000008005808                PROVIDE (__preinit_array_end = .)
                0x0000000008005808                . = ALIGN (0x4)

.init_array     0x0000000008005808        0x4
                0x0000000008005808                . = ALIGN (0x4)
                0x0000000008005808                PROVIDE (__init_array_start = .)
 *(SORT_BY_NAME(.init_array.*))
 *(.init_array*)
 .init_array    0x0000000008005808        0x4 C:/ST/STM32CubeIDE_1.7.0/STM32CubeIDE/plugins/com.st.stm32cube.ide.mcu.externaltools.gnu-tools-for-stm32.11.3.rel1.win32_1.1.0.202305231506/tools/bin/../lib/gcc/arm-none-eabi/11.3.1/thumb/v7-m/nofp/crtbegin.o
                0x000000000800580c                PROVIDE (__init_array_end = .)
                0x000000000800580c                . = ALIGN (0x4)

.fini_array     0x000000000800580c        0x4
                0x000000000800580c                . = ALIGN (0x4)
                [!provide]                        PROVIDE (__fini_array_start = .)
 *(SORT_BY_NAME(.fini_array.*))
 *(.fini_array*)
 .fini_array    0x000000000800580c        0x4 C:/ST/STM32CubeIDE_1.7.0/STM32CubeIDE/plugins/com.st.stm32cube.ide.mcu.externaltools.gnu-tools-for-stm32.11.3.rel1.win32_1.1.0.202305231506/tools/bin/../lib/gcc/arm-none-eabi/11.3.1/thumb/v7-m/nofp/crtbegin.o
                [!provide]                        PROVIDE (__fini_array_end = .)
                0x0000000008005810                . = ALIGN (0x4)
                0x0000000008005810                _sidata = LOADADDR (.data)

.data           0x0000000020000000      0x138 load address 0x0000000008005810
                0x0000000020000000                . = ALIGN (0x4)
                0x0000000020000000                _sdata = .
 *(.data)
 *(.data*)
 .data.SystemCoreClock
                0x0000000020000000        0x4 ./Core/Src/system_stm32f1xx.o
                0x0000000020000000                SystemCoreClock
 .data.uwTickFreq
                0x0000000020000004        0x1 ./Drivers/STM32F1xx_HAL_Driver/Src/stm32f1xx_hal.o
                0x0000000020000004                uwTickFreq
 *fill*         0x0000000020000005        0x3 
 .data.uwTickPrio
                0x0000000020000008        0x4 ./Drivers/STM32F1xx_HAL_Driver/Src/stm32f1xx_hal.o
                0x0000000020000008                uwTickPrio
 .data.USBD_DFU
                0x000000002000000c       0x3c ./Middlewares/ST/STM32_USB_Device_Library/Class/DFU/Src/usbd_dfu.o
                0x000000002000000c                USBD_DFU
 .data.USBD_DFU_CfgDesc
                0x0000000020000048       0x1b ./Middlewares/ST/STM32_USB_Device_Library/Class/DFU/Src/usbd_dfu.o
 *fill*         0x0000000020000063        0x1 
 .data.USBD_DFU_DeviceQualifierDesc
                0x0000000020000064        0xa ./Middlewares/ST/STM32_USB_Device_Library/Class/DFU/Src/usbd_dfu.o
 *fill*         0x000000002000006e        0x2 
 .data.FS_Desc  0x0000000020000070       0x1c ./USB_DEVICE/App/usbd_desc.o
                0x0000000020000070                FS_Desc
 .data.USBD_FS_DeviceDesc
                0x000000002000008c       0x12 ./USB_DEVICE/App/usbd_desc.o
                0x000000002000008c                USBD_FS_DeviceDesc
 *fill*         0x000000002000009e        0x2 
 .data.USBD_LangIDDesc
                0x00000000200000a0        0x4 ./USB_DEVICE/App/usbd_desc.o
                0x00000000200000a0                USBD_LangIDDesc
 .data.USBD_StringSerial
                0x00000000200000a4       0x1a ./USB_DEVICE/App/usbd_desc.o
                0x00000000200000a4                USBD_StringSerial
 *fill*         0x00000000200000be        0x2 
 .data.USBD_DFU_fops_FS
                0x00000000200000c0       0x1c ./USB_DEVICE/App/usbd_dfu_if.o
                0x00000000200000c0                USBD_DFU_fops_FS
 .data.__sglue  0x00000000200000dc        0xc C:/ST/STM32CubeIDE_1.7.0/STM32CubeIDE/plugins/com.st.stm32cube.ide.mcu.externaltools.gnu-tools-for-stm32.11.3.rel1.win32_1.1.0.202305231506/tools/bin/../lib/gcc/arm-none-eabi/11.3.1/../../../../arm-none-eabi/lib/thumb/v7-m/nofp\libc_nano.a(libc_a-findfp.o)
                0x00000000200000dc                __sglue
 .data._impure_data
                0x00000000200000e8       0x4c C:/ST/STM32CubeIDE_1.7.0/STM32CubeIDE/plugins/com.st.stm32cube.ide.mcu.externaltools.gnu-tools-for-stm32.11.3.rel1.win32_1.1.0.202305231506/tools/bin/../lib/gcc/arm-none-eabi/11.3.1/../../../../arm-none-eabi/lib/thumb/v7-m/nofp\libc_nano.a(libc_a-impure.o)
                0x00000000200000e8                _impure_data
 .data._impure_ptr
                0x0000000020000134        0x4 C:/ST/STM32CubeIDE_1.7.0/STM32CubeIDE/plugins/com.st.stm32cube.ide.mcu.externaltools.gnu-tools-for-stm32.11.3.rel1.win32_1.1.0.202305231506/tools/bin/../lib/gcc/arm-none-eabi/11.3.1/../../../../arm-none-eabi/lib/thumb/v7-m/nofp\libc_nano.a(libc_a-impure.o)
                0x0000000020000134                _impure_ptr
 *(.RamFunc)
 *(.RamFunc*)
                0x0000000020000138                . = ALIGN (0x4)
                0x0000000020000138                _edata = .

.igot.plt       0x0000000020000138        0x0 load address 0x0000000008005948
 .igot.plt      0x0000000020000138        0x0 C:/ST/STM32CubeIDE_1.7.0/STM32CubeIDE/plugins/com.st.stm32cube.ide.mcu.externaltools.gnu-tools-for-stm32.11.3.rel1.win32_1.1.0.202305231506/tools/bin/../lib/gcc/arm-none-eabi/11.3.1/thumb/v7-m/nofp/crtbegin.o
                0x0000000020000138                . = ALIGN (0x4)

.bss            0x0000000020000138     0x1180 load address 0x0000000008005948
                0x0000000020000138                _sbss = .
                0x0000000020000138                __bss_start__ = _sbss
 *(.bss)
 .bss           0x0000000020000138       0x1c C:/ST/STM32CubeIDE_1.7.0/STM32CubeIDE/plugins/com.st.stm32cube.ide.mcu.externaltools.gnu-tools-for-stm32.11.3.rel1.win32_1.1.0.202305231506/tools/bin/../lib/gcc/arm-none-eabi/11.3.1/thumb/v7-m/nofp/crtbegin.o
 *(.bss*)
 .bss.LED_Data  0x0000000020000154       0x20 ./Core/Src/main.o
                0x0000000020000154                LED_Data
 .bss.Rx_data   0x0000000020000174       0xff ./Core/Src/main.o
                0x0000000020000174                Rx_data
 .bss.Tx_data   0x0000000020000273       0xff ./Core/Src/main.o
                0x0000000020000273                Tx_data
 .bss.datasentflag
                0x0000000020000372        0x1 ./Core/Src/main.o
                0x0000000020000372                datasentflag
 *fill*         0x0000000020000373        0x1 
 .bss.hdma_tim3_ch3
                0x0000000020000374       0x44 ./Core/Src/main.o
                0x0000000020000374                hdma_tim3_ch3
 .bss.htim2     0x00000000200003b8       0x48 ./Core/Src/main.o
                0x00000000200003b8                htim2
 .bss.htim3     0x0000000020000400       0x48 ./Core/Src/main.o
                0x0000000020000400                htim3
 .bss.huart1    0x0000000020000448       0x48 ./Core/Src/main.o
                0x0000000020000448                huart1
 .bss.__sbrk_heap_end
                0x0000000020000490        0x4 ./Core/Src/sysmem.o
 .bss.uwTick    0x0000000020000494        0x4 ./Drivers/STM32F1xx_HAL_Driver/Src/stm32f1xx_hal.o
                0x0000000020000494                uwTick
 .bss.USBD_StrDesc.0
                0x0000000020000498       0xff ./Middlewares/ST/STM32_USB_Device_Library/Class/DFU/Src/usbd_dfu.o
 .bss.cfgidx.0  0x0000000020000597        0x1 ./Middlewares/ST/STM32_USB_Device_Library/Core/Src/usbd_ctlreq.o
 .bss.hUsbDeviceFS
                0x0000000020000598      0x2c4 ./USB_DEVICE/App/usb_device.o
                0x0000000020000598                hUsbDeviceFS
 .bss.USBD_StrDesc
                0x000000002000085c      0x200 ./USB_DEVICE/App/usbd_desc.o
                0x000000002000085c                USBD_StrDesc
 .bss.hpcd_USB_FS
                0x0000000020000a5c      0x2f0 ./USB_DEVICE/Target/usbd_conf.o
                0x0000000020000a5c                hpcd_USB_FS
 .bss.mem.0     0x0000000020000d4c      0x420 ./USB_DEVICE/Target/usbd_conf.o
 .bss.__sf      0x000000002000116c      0x138 C:/ST/STM32CubeIDE_1.7.0/STM32CubeIDE/plugins/com.st.stm32cube.ide.mcu.externaltools.gnu-tools-for-stm32.11.3.rel1.win32_1.1.0.202305231506/tools/bin/../lib/gcc/arm-none-eabi/11.3.1/../../../../arm-none-eabi/lib/thumb/v7-m/nofp\libc_nano.a(libc_a-findfp.o)
                0x000000002000116c                __sf
 .bss.__stdio_exit_handler
                0x00000000200012a4        0x4 C:/ST/STM32CubeIDE_1.7.0/STM32CubeIDE/plugins/com.st.stm32cube.ide.mcu.externaltools.gnu-tools-for-stm32.11.3.rel1.win32_1.1.0.202305231506/tools/bin/../lib/gcc/arm-none-eabi/11.3.1/../../../../arm-none-eabi/lib/thumb/v7-m/nofp\libc_nano.a(libc_a-findfp.o)
                0x00000000200012a4                __stdio_exit_handler
 .bss.errno     0x00000000200012a8        0x4 C:/ST/STM32CubeIDE_1.7.0/STM32CubeIDE/plugins/com.st.stm32cube.ide.mcu.externaltools.gnu-tools-for-stm32.11.3.rel1.win32_1.1.0.202305231506/tools/bin/../lib/gcc/arm-none-eabi/11.3.1/../../../../arm-none-eabi/lib/thumb/v7-m/nofp\libc_nano.a(libc_a-reent.o)
                0x00000000200012a8                errno
 .bss.__lock___malloc_recursive_mutex
                0x00000000200012ac        0x1 C:/ST/STM32CubeIDE_1.7.0/STM32CubeIDE/plugins/com.st.stm32cube.ide.mcu.externaltools.gnu-tools-for-stm32.11.3.rel1.win32_1.1.0.202305231506/tools/bin/../lib/gcc/arm-none-eabi/11.3.1/../../../../arm-none-eabi/lib/thumb/v7-m/nofp\libc_nano.a(libc_a-lock.o)
                0x00000000200012ac                __lock___malloc_recursive_mutex
 .bss.__lock___sfp_recursive_mutex
                0x00000000200012ad        0x1 C:/ST/STM32CubeIDE_1.7.0/STM32CubeIDE/plugins/com.st.stm32cube.ide.mcu.externaltools.gnu-tools-for-stm32.11.3.rel1.win32_1.1.0.202305231506/tools/bin/../lib/gcc/arm-none-eabi/11.3.1/../../../../arm-none-eabi/lib/thumb/v7-m/nofp\libc_nano.a(libc_a-lock.o)
                0x00000000200012ad                __lock___sfp_recursive_mutex
 *fill*         0x00000000200012ae        0x2 
 .bss.__malloc_free_list
                0x00000000200012b0        0x4 C:/ST/STM32CubeIDE_1.7.0/STM32CubeIDE/plugins/com.st.stm32cube.ide.mcu.externaltools.gnu-tools-for-stm32.11.3.rel1.win32_1.1.0.202305231506/tools/bin/../lib/gcc/arm-none-eabi/11.3.1/../../../../arm-none-eabi/lib/thumb/v7-m/nofp\libc_nano.a(libc_a-mallocr.o)
                0x00000000200012b0                __malloc_free_list
 .bss.__malloc_sbrk_start
                0x00000000200012b4        0x4 C:/ST/STM32CubeIDE_1.7.0/STM32CubeIDE/plugins/com.st.stm32cube.ide.mcu.externaltools.gnu-tools-for-stm32.11.3.rel1.win32_1.1.0.202305231506/tools/bin/../lib/gcc/arm-none-eabi/11.3.1/../../../../arm-none-eabi/lib/thumb/v7-m/nofp\libc_nano.a(libc_a-mallocr.o)
                0x00000000200012b4                __malloc_sbrk_start
 *(COMMON)
                0x00000000200012b8                . = ALIGN (0x4)
                0x00000000200012b8                _ebss = .
                0x00000000200012b8                __bss_end__ = _ebss

._user_heap_stack
                0x00000000200012b8      0x600 load address 0x0000000008005948
                0x00000000200012b8                . = ALIGN (0x8)
                [!provide]                        PROVIDE (end = .)
                0x00000000200012b8                PROVIDE (_end = .)
                0x00000000200014b8                . = (. + _Min_Heap_Size)
 *fill*         0x00000000200012b8      0x200 
                0x00000000200018b8                . = (. + _Min_Stack_Size)
 *fill*         0x00000000200014b8      0x400 
                0x00000000200018b8                . = ALIGN (0x8)

/DISCARD/
 libc.a(*)
 libm.a(*)
 libgcc.a(*)

.ARM.attributes
                0x0000000000000000       0x29
 *(.ARM.attributes)
 .ARM.attributes
                0x0000000000000000       0x1d C:/ST/STM32CubeIDE_1.7.0/STM32CubeIDE/plugins/com.st.stm32cube.ide.mcu.externaltools.gnu-tools-for-stm32.11.3.rel1.win32_1.1.0.202305231506/tools/bin/../lib/gcc/arm-none-eabi/11.3.1/thumb/v7-m/nofp/crti.o
 .ARM.attributes
                0x000000000000001d       0x2d C:/ST/STM32CubeIDE_1.7.0/STM32CubeIDE/plugins/com.st.stm32cube.ide.mcu.externaltools.gnu-tools-for-stm32.11.3.rel1.win32_1.1.0.202305231506/tools/bin/../lib/gcc/arm-none-eabi/11.3.1/thumb/v7-m/nofp/crtbegin.o
 .ARM.attributes
                0x000000000000004a       0x2d ./Core/Src/main.o
 .ARM.attributes
                0x0000000000000077       0x2d ./Core/Src/stm32f1xx_hal_msp.o
 .ARM.attributes
                0x00000000000000a4       0x2d ./Core/Src/stm32f1xx_it.o
 .ARM.attributes
                0x00000000000000d1       0x2d ./Core/Src/syscalls.o
 .ARM.attributes
                0x00000000000000fe       0x2d ./Core/Src/sysmem.o
 .ARM.attributes
                0x000000000000012b       0x2d ./Core/Src/system_stm32f1xx.o
 .ARM.attributes
                0x0000000000000158       0x21 ./Core/Startup/startup_stm32f103c8tx.o
 .ARM.attributes
                0x0000000000000179       0x2d ./Drivers/STM32F1xx_HAL_Driver/Src/stm32f1xx_hal.o
 .ARM.attributes
                0x00000000000001a6       0x2d ./Drivers/STM32F1xx_HAL_Driver/Src/stm32f1xx_hal_cortex.o
 .ARM.attributes
                0x00000000000001d3       0x2d ./Drivers/STM32F1xx_HAL_Driver/Src/stm32f1xx_hal_dma.o
 .ARM.attributes
                0x0000000000000200       0x2d ./Drivers/STM32F1xx_HAL_Driver/Src/stm32f1xx_hal_gpio.o
 .ARM.attributes
                0x000000000000022d       0x2d ./Drivers/STM32F1xx_HAL_Driver/Src/stm32f1xx_hal_pcd.o
 .ARM.attributes
                0x000000000000025a       0x2d ./Drivers/STM32F1xx_HAL_Driver/Src/stm32f1xx_hal_pcd_ex.o
 .ARM.attributes
                0x0000000000000287       0x2d ./Drivers/STM32F1xx_HAL_Driver/Src/stm32f1xx_hal_rcc.o
 .ARM.attributes
                0x00000000000002b4       0x2d ./Drivers/STM32F1xx_HAL_Driver/Src/stm32f1xx_hal_rcc_ex.o
 .ARM.attributes
                0x00000000000002e1       0x2d ./Drivers/STM32F1xx_HAL_Driver/Src/stm32f1xx_hal_tim.o
 .ARM.attributes
                0x000000000000030e       0x2d ./Drivers/STM32F1xx_HAL_Driver/Src/stm32f1xx_hal_tim_ex.o
 .ARM.attributes
                0x000000000000033b       0x2d ./Drivers/STM32F1xx_HAL_Driver/Src/stm32f1xx_hal_uart.o
 .ARM.attributes
                0x0000000000000368       0x2d ./Drivers/STM32F1xx_HAL_Driver/Src/stm32f1xx_ll_usb.o
 .ARM.attributes
                0x0000000000000395       0x2d ./Middlewares/ST/STM32_USB_Device_Library/Class/DFU/Src/usbd_dfu.o
 .ARM.attributes
                0x00000000000003c2       0x2d ./Middlewares/ST/STM32_USB_Device_Library/Core/Src/usbd_core.o
 .ARM.attributes
                0x00000000000003ef       0x2d ./Middlewares/ST/STM32_USB_Device_Library/Core/Src/usbd_ctlreq.o
 .ARM.attributes
                0x000000000000041c       0x2d ./Middlewares/ST/STM32_USB_Device_Library/Core/Src/usbd_ioreq.o
 .ARM.attributes
                0x0000000000000449       0x2d ./USB_DEVICE/App/usb_device.o
 .ARM.attributes
                0x0000000000000476       0x2d ./USB_DEVICE/App/usbd_desc.o
 .ARM.attributes
                0x00000000000004a3       0x2d ./USB_DEVICE/App/usbd_dfu_if.o
 .ARM.attributes
                0x00000000000004d0       0x2d ./USB_DEVICE/Target/usbd_conf.o
 .ARM.attributes
                0x00000000000004fd       0x2d C:/ST/STM32CubeIDE_1.7.0/STM32CubeIDE/plugins/com.st.stm32cube.ide.mcu.externaltools.gnu-tools-for-stm32.11.3.rel1.win32_1.1.0.202305231506/tools/bin/../lib/gcc/arm-none-eabi/11.3.1/../../../../arm-none-eabi/lib/thumb/v7-m/nofp\libc_nano.a(libc_a-findfp.o)
 .ARM.attributes
                0x000000000000052a       0x2d C:/ST/STM32CubeIDE_1.7.0/STM32CubeIDE/plugins/com.st.stm32cube.ide.mcu.externaltools.gnu-tools-for-stm32.11.3.rel1.win32_1.1.0.202305231506/tools/bin/../lib/gcc/arm-none-eabi/11.3.1/../../../../arm-none-eabi/lib/thumb/v7-m/nofp\libc_nano.a(libc_a-fwalk.o)
 .ARM.attributes
                0x0000000000000557       0x2d C:/ST/STM32CubeIDE_1.7.0/STM32CubeIDE/plugins/com.st.stm32cube.ide.mcu.externaltools.gnu-tools-for-stm32.11.3.rel1.win32_1.1.0.202305231506/tools/bin/../lib/gcc/arm-none-eabi/11.3.1/../../../../arm-none-eabi/lib/thumb/v7-m/nofp\libc_nano.a(libc_a-printf.o)
 .ARM.attributes
                0x0000000000000584       0x2d C:/ST/STM32CubeIDE_1.7.0/STM32CubeIDE/plugins/com.st.stm32cube.ide.mcu.externaltools.gnu-tools-for-stm32.11.3.rel1.win32_1.1.0.202305231506/tools/bin/../lib/gcc/arm-none-eabi/11.3.1/../../../../arm-none-eabi/lib/thumb/v7-m/nofp\libc_nano.a(libc_a-putchar.o)
 .ARM.attributes
                0x00000000000005b1       0x2d C:/ST/STM32CubeIDE_1.7.0/STM32CubeIDE/plugins/com.st.stm32cube.ide.mcu.externaltools.gnu-tools-for-stm32.11.3.rel1.win32_1.1.0.202305231506/tools/bin/../lib/gcc/arm-none-eabi/11.3.1/../../../../arm-none-eabi/lib/thumb/v7-m/nofp\libc_nano.a(libc_a-stdio.o)
 .ARM.attributes
                0x00000000000005de       0x2d C:/ST/STM32CubeIDE_1.7.0/STM32CubeIDE/plugins/com.st.stm32cube.ide.mcu.externaltools.gnu-tools-for-stm32.11.3.rel1.win32_1.1.0.202305231506/tools/bin/../lib/gcc/arm-none-eabi/11.3.1/../../../../arm-none-eabi/lib/thumb/v7-m/nofp\libc_nano.a(libc_a-memset.o)
 .ARM.attributes
                0x000000000000060b       0x2d C:/ST/STM32CubeIDE_1.7.0/STM32CubeIDE/plugins/com.st.stm32cube.ide.mcu.externaltools.gnu-tools-for-stm32.11.3.rel1.win32_1.1.0.202305231506/tools/bin/../lib/gcc/arm-none-eabi/11.3.1/../../../../arm-none-eabi/lib/thumb/v7-m/nofp\libc_nano.a(libc_a-closer.o)
 .ARM.attributes
                0x0000000000000638       0x2d C:/ST/STM32CubeIDE_1.7.0/STM32CubeIDE/plugins/com.st.stm32cube.ide.mcu.externaltools.gnu-tools-for-stm32.11.3.rel1.win32_1.1.0.202305231506/tools/bin/../lib/gcc/arm-none-eabi/11.3.1/../../../../arm-none-eabi/lib/thumb/v7-m/nofp\libc_nano.a(libc_a-reent.o)
 .ARM.attributes
                0x0000000000000665       0x2d C:/ST/STM32CubeIDE_1.7.0/STM32CubeIDE/plugins/com.st.stm32cube.ide.mcu.externaltools.gnu-tools-for-stm32.11.3.rel1.win32_1.1.0.202305231506/tools/bin/../lib/gcc/arm-none-eabi/11.3.1/../../../../arm-none-eabi/lib/thumb/v7-m/nofp\libc_nano.a(libc_a-impure.o)
 .ARM.attributes
                0x0000000000000692       0x2d C:/ST/STM32CubeIDE_1.7.0/STM32CubeIDE/plugins/com.st.stm32cube.ide.mcu.externaltools.gnu-tools-for-stm32.11.3.rel1.win32_1.1.0.202305231506/tools/bin/../lib/gcc/arm-none-eabi/11.3.1/../../../../arm-none-eabi/lib/thumb/v7-m/nofp\libc_nano.a(libc_a-lseekr.o)
 .ARM.attributes
                0x00000000000006bf       0x2d C:/ST/STM32CubeIDE_1.7.0/STM32CubeIDE/plugins/com.st.stm32cube.ide.mcu.externaltools.gnu-tools-for-stm32.11.3.rel1.win32_1.1.0.202305231506/tools/bin/../lib/gcc/arm-none-eabi/11.3.1/../../../../arm-none-eabi/lib/thumb/v7-m/nofp\libc_nano.a(libc_a-readr.o)
 .ARM.attributes
                0x00000000000006ec       0x2d C:/ST/STM32CubeIDE_1.7.0/STM32CubeIDE/plugins/com.st.stm32cube.ide.mcu.externaltools.gnu-tools-for-stm32.11.3.rel1.win32_1.1.0.202305231506/tools/bin/../lib/gcc/arm-none-eabi/11.3.1/../../../../arm-none-eabi/lib/thumb/v7-m/nofp\libc_nano.a(libc_a-writer.o)
 .ARM.attributes
                0x0000000000000719       0x2d C:/ST/STM32CubeIDE_1.7.0/STM32CubeIDE/plugins/com.st.stm32cube.ide.mcu.externaltools.gnu-tools-for-stm32.11.3.rel1.win32_1.1.0.202305231506/tools/bin/../lib/gcc/arm-none-eabi/11.3.1/../../../../arm-none-eabi/lib/thumb/v7-m/nofp\libc_nano.a(libc_a-errno.o)
 .ARM.attributes
                0x0000000000000746       0x2d C:/ST/STM32CubeIDE_1.7.0/STM32CubeIDE/plugins/com.st.stm32cube.ide.mcu.externaltools.gnu-tools-for-stm32.11.3.rel1.win32_1.1.0.202305231506/tools/bin/../lib/gcc/arm-none-eabi/11.3.1/../../../../arm-none-eabi/lib/thumb/v7-m/nofp\libc_nano.a(libc_a-init.o)
 .ARM.attributes
                0x0000000000000773       0x2d C:/ST/STM32CubeIDE_1.7.0/STM32CubeIDE/plugins/com.st.stm32cube.ide.mcu.externaltools.gnu-tools-for-stm32.11.3.rel1.win32_1.1.0.202305231506/tools/bin/../lib/gcc/arm-none-eabi/11.3.1/../../../../arm-none-eabi/lib/thumb/v7-m/nofp\libc_nano.a(libc_a-lock.o)
 .ARM.attributes
                0x00000000000007a0       0x2d C:/ST/STM32CubeIDE_1.7.0/STM32CubeIDE/plugins/com.st.stm32cube.ide.mcu.externaltools.gnu-tools-for-stm32.11.3.rel1.win32_1.1.0.202305231506/tools/bin/../lib/gcc/arm-none-eabi/11.3.1/../../../../arm-none-eabi/lib/thumb/v7-m/nofp\libc_nano.a(libc_a-freer.o)
 .ARM.attributes
                0x00000000000007cd       0x2d C:/ST/STM32CubeIDE_1.7.0/STM32CubeIDE/plugins/com.st.stm32cube.ide.mcu.externaltools.gnu-tools-for-stm32.11.3.rel1.win32_1.1.0.202305231506/tools/bin/../lib/gcc/arm-none-eabi/11.3.1/../../../../arm-none-eabi/lib/thumb/v7-m/nofp\libc_nano.a(libc_a-mallocr.o)
 .ARM.attributes
                0x00000000000007fa       0x2d C:/ST/STM32CubeIDE_1.7.0/STM32CubeIDE/plugins/com.st.stm32cube.ide.mcu.externaltools.gnu-tools-for-stm32.11.3.rel1.win32_1.1.0.202305231506/tools/bin/../lib/gcc/arm-none-eabi/11.3.1/../../../../arm-none-eabi/lib/thumb/v7-m/nofp\libc_nano.a(libc_a-mlock.o)
 .ARM.attributes
                0x0000000000000827       0x2d C:/ST/STM32CubeIDE_1.7.0/STM32CubeIDE/plugins/com.st.stm32cube.ide.mcu.externaltools.gnu-tools-for-stm32.11.3.rel1.win32_1.1.0.202305231506/tools/bin/../lib/gcc/arm-none-eabi/11.3.1/../../../../arm-none-eabi/lib/thumb/v7-m/nofp\libc_nano.a(libc_a-nano-vfprintf.o)
 .ARM.attributes
                0x0000000000000854       0x2d C:/ST/STM32CubeIDE_1.7.0/STM32CubeIDE/plugins/com.st.stm32cube.ide.mcu.externaltools.gnu-tools-for-stm32.11.3.rel1.win32_1.1.0.202305231506/tools/bin/../lib/gcc/arm-none-eabi/11.3.1/../../../../arm-none-eabi/lib/thumb/v7-m/nofp\libc_nano.a(libc_a-nano-vfprintf_i.o)
 .ARM.attributes
                0x0000000000000881       0x2d C:/ST/STM32CubeIDE_1.7.0/STM32CubeIDE/plugins/com.st.stm32cube.ide.mcu.externaltools.gnu-tools-for-stm32.11.3.rel1.win32_1.1.0.202305231506/tools/bin/../lib/gcc/arm-none-eabi/11.3.1/../../../../arm-none-eabi/lib/thumb/v7-m/nofp\libc_nano.a(libc_a-fflush.o)
 .ARM.attributes
                0x00000000000008ae       0x2d C:/ST/STM32CubeIDE_1.7.0/STM32CubeIDE/plugins/com.st.stm32cube.ide.mcu.externaltools.gnu-tools-for-stm32.11.3.rel1.win32_1.1.0.202305231506/tools/bin/../lib/gcc/arm-none-eabi/11.3.1/../../../../arm-none-eabi/lib/thumb/v7-m/nofp\libc_nano.a(libc_a-putc.o)
 .ARM.attributes
                0x00000000000008db       0x2d C:/ST/STM32CubeIDE_1.7.0/STM32CubeIDE/plugins/com.st.stm32cube.ide.mcu.externaltools.gnu-tools-for-stm32.11.3.rel1.win32_1.1.0.202305231506/tools/bin/../lib/gcc/arm-none-eabi/11.3.1/../../../../arm-none-eabi/lib/thumb/v7-m/nofp\libc_nano.a(libc_a-wbuf.o)
 .ARM.attributes
                0x0000000000000908       0x2d C:/ST/STM32CubeIDE_1.7.0/STM32CubeIDE/plugins/com.st.stm32cube.ide.mcu.externaltools.gnu-tools-for-stm32.11.3.rel1.win32_1.1.0.202305231506/tools/bin/../lib/gcc/arm-none-eabi/11.3.1/../../../../arm-none-eabi/lib/thumb/v7-m/nofp\libc_nano.a(libc_a-wsetup.o)
 .ARM.attributes
                0x0000000000000935       0x2d C:/ST/STM32CubeIDE_1.7.0/STM32CubeIDE/plugins/com.st.stm32cube.ide.mcu.externaltools.gnu-tools-for-stm32.11.3.rel1.win32_1.1.0.202305231506/tools/bin/../lib/gcc/arm-none-eabi/11.3.1/../../../../arm-none-eabi/lib/thumb/v7-m/nofp\libc_nano.a(libc_a-sbrkr.o)
 .ARM.attributes
                0x0000000000000962       0x2d C:/ST/STM32CubeIDE_1.7.0/STM32CubeIDE/plugins/com.st.stm32cube.ide.mcu.externaltools.gnu-tools-for-stm32.11.3.rel1.win32_1.1.0.202305231506/tools/bin/../lib/gcc/arm-none-eabi/11.3.1/../../../../arm-none-eabi/lib/thumb/v7-m/nofp\libc_nano.a(libc_a-memchr-stub.o)
 .ARM.attributes
                0x000000000000098f       0x2d C:/ST/STM32CubeIDE_1.7.0/STM32CubeIDE/plugins/com.st.stm32cube.ide.mcu.externaltools.gnu-tools-for-stm32.11.3.rel1.win32_1.1.0.202305231506/tools/bin/../lib/gcc/arm-none-eabi/11.3.1/../../../../arm-none-eabi/lib/thumb/v7-m/nofp\libc_nano.a(libc_a-makebuf.o)
 .ARM.attributes
                0x00000000000009bc       0x2d C:/ST/STM32CubeIDE_1.7.0/STM32CubeIDE/plugins/com.st.stm32cube.ide.mcu.externaltools.gnu-tools-for-stm32.11.3.rel1.win32_1.1.0.202305231506/tools/bin/../lib/gcc/arm-none-eabi/11.3.1/../../../../arm-none-eabi/lib/thumb/v7-m/nofp\libc_nano.a(libc_a-fstatr.o)
 .ARM.attributes
                0x00000000000009e9       0x2d C:/ST/STM32CubeIDE_1.7.0/STM32CubeIDE/plugins/com.st.stm32cube.ide.mcu.externaltools.gnu-tools-for-stm32.11.3.rel1.win32_1.1.0.202305231506/tools/bin/../lib/gcc/arm-none-eabi/11.3.1/../../../../arm-none-eabi/lib/thumb/v7-m/nofp\libc_nano.a(libc_a-isattyr.o)
 .ARM.attributes
                0x0000000000000a16       0x1d C:/ST/STM32CubeIDE_1.7.0/STM32CubeIDE/plugins/com.st.stm32cube.ide.mcu.externaltools.gnu-tools-for-stm32.11.3.rel1.win32_1.1.0.202305231506/tools/bin/../lib/gcc/arm-none-eabi/11.3.1/thumb/v7-m/nofp/crtn.o
OUTPUT(Ebyte_LoRa_LEDs.elf elf32-littlearm)
LOAD linker stubs
LOAD C:/ST/STM32CubeIDE_1.7.0/STM32CubeIDE/plugins/com.st.stm32cube.ide.mcu.externaltools.gnu-tools-for-stm32.11.3.rel1.win32_1.1.0.202305231506/tools/bin/../lib/gcc/arm-none-eabi/11.3.1/../../../../arm-none-eabi/lib/thumb/v7-m/nofp\libc.a
LOAD C:/ST/STM32CubeIDE_1.7.0/STM32CubeIDE/plugins/com.st.stm32cube.ide.mcu.externaltools.gnu-tools-for-stm32.11.3.rel1.win32_1.1.0.202305231506/tools/bin/../lib/gcc/arm-none-eabi/11.3.1/../../../../arm-none-eabi/lib/thumb/v7-m/nofp\libm.a
LOAD C:/ST/STM32CubeIDE_1.7.0/STM32CubeIDE/plugins/com.st.stm32cube.ide.mcu.externaltools.gnu-tools-for-stm32.11.3.rel1.win32_1.1.0.202305231506/tools/bin/../lib/gcc/arm-none-eabi/11.3.1/thumb/v7-m/nofp\libgcc.a

.comment        0x0000000000000000       0x43
 .comment       0x0000000000000000       0x43 C:/ST/STM32CubeIDE_1.7.0/STM32CubeIDE/plugins/com.st.stm32cube.ide.mcu.externaltools.gnu-tools-for-stm32.11.3.rel1.win32_1.1.0.202305231506/tools/bin/../lib/gcc/arm-none-eabi/11.3.1/thumb/v7-m/nofp/crtbegin.o
                                         0x44 (size before relaxing)
 .comment       0x0000000000000043       0x44 ./Core/Src/main.o
 .comment       0x0000000000000043       0x44 ./Core/Src/stm32f1xx_hal_msp.o
 .comment       0x0000000000000043       0x44 ./Core/Src/stm32f1xx_it.o
 .comment       0x0000000000000043       0x44 ./Core/Src/syscalls.o
 .comment       0x0000000000000043       0x44 ./Core/Src/sysmem.o
 .comment       0x0000000000000043       0x44 ./Core/Src/system_stm32f1xx.o
 .comment       0x0000000000000043       0x44 ./Drivers/STM32F1xx_HAL_Driver/Src/stm32f1xx_hal.o
 .comment       0x0000000000000043       0x44 ./Drivers/STM32F1xx_HAL_Driver/Src/stm32f1xx_hal_cortex.o
 .comment       0x0000000000000043       0x44 ./Drivers/STM32F1xx_HAL_Driver/Src/stm32f1xx_hal_dma.o
 .comment       0x0000000000000043       0x44 ./Drivers/STM32F1xx_HAL_Driver/Src/stm32f1xx_hal_gpio.o
 .comment       0x0000000000000043       0x44 ./Drivers/STM32F1xx_HAL_Driver/Src/stm32f1xx_hal_pcd.o
 .comment       0x0000000000000043       0x44 ./Drivers/STM32F1xx_HAL_Driver/Src/stm32f1xx_hal_pcd_ex.o
 .comment       0x0000000000000043       0x44 ./Drivers/STM32F1xx_HAL_Driver/Src/stm32f1xx_hal_rcc.o
 .comment       0x0000000000000043       0x44 ./Drivers/STM32F1xx_HAL_Driver/Src/stm32f1xx_hal_rcc_ex.o
 .comment       0x0000000000000043       0x44 ./Drivers/STM32F1xx_HAL_Driver/Src/stm32f1xx_hal_tim.o
 .comment       0x0000000000000043       0x44 ./Drivers/STM32F1xx_HAL_Driver/Src/stm32f1xx_hal_tim_ex.o
 .comment       0x0000000000000043       0x44 ./Drivers/STM32F1xx_HAL_Driver/Src/stm32f1xx_hal_uart.o
 .comment       0x0000000000000043       0x44 ./Drivers/STM32F1xx_HAL_Driver/Src/stm32f1xx_ll_usb.o
 .comment       0x0000000000000043       0x44 ./Middlewares/ST/STM32_USB_Device_Library/Class/DFU/Src/usbd_dfu.o